Component: ARM Compiler 5.05 update 2 (build 169) Tool: armlink [4d0f33]

==============================================================================

Section Cross References

    startup_stm32f10x_hd.o(STACK) refers (Special) to heapauxi.o(.text) for __use_two_region_memory
    startup_stm32f10x_hd.o(HEAP) refers (Special) to heapauxi.o(.text) for __use_two_region_memory
    startup_stm32f10x_hd.o(RESET) refers (Special) to heapauxi.o(.text) for __use_two_region_memory
    startup_stm32f10x_hd.o(RESET) refers to startup_stm32f10x_hd.o(STACK) for __initial_sp
    startup_stm32f10x_hd.o(RESET) refers to startup_stm32f10x_hd.o(.text) for Reset_Handler
    startup_stm32f10x_hd.o(RESET) refers to usmart.o(i.TIM2_IRQHandler) for TIM2_IRQHandler
    startup_stm32f10x_hd.o(RESET) refers to timer.o(i.TIM4_IRQHandler) for TIM4_IRQHandler
    startup_stm32f10x_hd.o(RESET) refers to usart.o(i.USART1_IRQHandler) for USART1_IRQHandler
    startup_stm32f10x_hd.o(RESET) refers to usart2.o(i.USART2_IRQHandler) for USART2_IRQHandler
    startup_stm32f10x_hd.o(.text) refers (Special) to heapauxi.o(.text) for __use_two_region_memory
    startup_stm32f10x_hd.o(.text) refers to __main.o(!!!main) for __main
    startup_stm32f10x_hd.o(.text) refers to startup_stm32f10x_hd.o(HEAP) for Heap_Mem
    startup_stm32f10x_hd.o(.text) refers to startup_stm32f10x_hd.o(STACK) for Stack_Mem
    main.o(i.AS608_get_keynum) refers to main.o(i.AS608_key_staset) for AS608_key_staset
    main.o(i.AS608_get_keynum) refers to touch.o(.data) for tp_dev
    main.o(i.AS608_get_keynum) refers to main.o(.data) for key_x
    main.o(i.AS608_key_staset) refers to ili93xx.o(i.LCD_Fill) for LCD_Fill
    main.o(i.AS608_key_staset) refers to text.o(i.Show_Str_Mid) for Show_Str_Mid
    main.o(i.AS608_key_staset) refers to main.o(.data) for kbd_tbl
    main.o(i.AS608_load_keyboard) refers to ili93xx.o(i.LCD_Fill) for LCD_Fill
    main.o(i.AS608_load_keyboard) refers to ili93xx.o(i.LCD_DrawRectangle) for LCD_DrawRectangle
    main.o(i.AS608_load_keyboard) refers to text.o(i.Show_Str) for Show_Str
    main.o(i.AS608_load_keyboard) refers to text.o(i.Show_Str_Mid) for Show_Str_Mid
    main.o(i.AS608_load_keyboard) refers to ili93xx.o(.data) for POINT_COLOR
    main.o(i.AS608_load_keyboard) refers to main.o(.data) for kbd_tbl
    main.o(i.Add_FR) refers to ili93xx.o(i.LCD_Fill) for LCD_Fill
    main.o(i.Add_FR) refers to text.o(i.Show_Str_Mid) for Show_Str_Mid
    main.o(i.Add_FR) refers to as608.o(i.PS_GetImage) for PS_GetImage
    main.o(i.Add_FR) refers to as608.o(i.PS_GenChar) for PS_GenChar
    main.o(i.Add_FR) refers to main.o(i.ShowErrMessage) for ShowErrMessage
    main.o(i.Add_FR) refers to as608.o(i.PS_Match) for PS_Match
    main.o(i.Add_FR) refers to delay.o(i.delay_ms) for delay_ms
    main.o(i.Add_FR) refers to as608.o(i.PS_RegModel) for PS_RegModel
    main.o(i.Add_FR) refers to main.o(i.GET_NUM) for GET_NUM
    main.o(i.Add_FR) refers to as608.o(i.PS_StoreChar) for PS_StoreChar
    main.o(i.Add_FR) refers to as608.o(i.PS_ValidTempleteNum) for PS_ValidTempleteNum
    main.o(i.Add_FR) refers to ili93xx.o(i.LCD_ShowNum) for LCD_ShowNum
    main.o(i.Add_FR) refers to ili93xx.o(.bss) for lcddev
    main.o(i.Add_FR) refers to main.o(.data) for ValidN
    main.o(i.Add_FR) refers to main.o(.bss) for AS608Para
    main.o(i.Del_FR) refers to ili93xx.o(i.LCD_Fill) for LCD_Fill
    main.o(i.Del_FR) refers to text.o(i.Show_Str_Mid) for Show_Str_Mid
    main.o(i.Del_FR) refers to delay.o(i.delay_ms) for delay_ms
    main.o(i.Del_FR) refers to main.o(i.AS608_load_keyboard) for AS608_load_keyboard
    main.o(i.Del_FR) refers to main.o(i.GET_NUM) for GET_NUM
    main.o(i.Del_FR) refers to as608.o(i.PS_Empty) for PS_Empty
    main.o(i.Del_FR) refers to as608.o(i.PS_DeletChar) for PS_DeletChar
    main.o(i.Del_FR) refers to main.o(i.ShowErrMessage) for ShowErrMessage
    main.o(i.Del_FR) refers to as608.o(i.PS_ValidTempleteNum) for PS_ValidTempleteNum
    main.o(i.Del_FR) refers to ili93xx.o(i.LCD_ShowNum) for LCD_ShowNum
    main.o(i.Del_FR) refers to ili93xx.o(.bss) for lcddev
    main.o(i.Del_FR) refers to main.o(.data) for kbd_delFR
    main.o(i.Del_FR) refers to main.o(.bss) for AS608Para
    main.o(i.GET_NUM) refers to main.o(i.AS608_get_keynum) for AS608_get_keynum
    main.o(i.GET_NUM) refers to ili93xx.o(i.LCD_ShowNum) for LCD_ShowNum
    main.o(i.ShowErrMessage) refers to ili93xx.o(i.LCD_Fill) for LCD_Fill
    main.o(i.ShowErrMessage) refers to as608.o(i.EnsureMessage) for EnsureMessage
    main.o(i.ShowErrMessage) refers to text.o(i.Show_Str_Mid) for Show_Str_Mid
    main.o(i.ShowErrMessage) refers to ili93xx.o(.bss) for lcddev
    main.o(i.press_FR) refers to _printf_percent.o(.ARM.Collect$$_printf_percent$$00000000) for _printf_percent
    main.o(i.press_FR) refers to _printf_d.o(.ARM.Collect$$_printf_percent$$00000009) for _printf_d
    main.o(i.press_FR) refers to _printf_dec.o(.text) for _printf_int_dec
[...]
    defsig_pvfn_inner.o(.text) refers to defsig_general.o(.text) for __default_signal_display
    defsig_cppl_inner.o(.text) refers to defsig_general.o(.text) for __default_signal_display
    defsig_segv_inner.o(.text) refers to defsig_general.o(.text) for __default_signal_display
    defsig_other.o(.text) refers to defsig_general.o(.text) for __default_signal_display


==============================================================================

Removing Unused input sections from the image.

    Removing main.o(i.AS608_get_keynum), (240 bytes).
    Removing main.o(i.AS608_key_staset), (260 bytes).
    Removing main.o(i.AS608_load_keyboard), (308 bytes).
    Removing main.o(i.Add_FR), (1036 bytes).
    Removing main.o(i.Del_FR), (368 bytes).
    Removing main.o(i.GET_NUM), (122 bytes).
    Removing main.o(i.ShowErrMessage), (56 bytes).
    Removing main.o(i.press_FR), (232 bytes).
    Removing main.o(.bss), (12 bytes).
    Removing main.o(.conststring), (88 bytes).
    Removing main.o(.data), (129 bytes).
    Removing delay.o(i.delay_init), (64 bytes).
    Removing delay.o(i.delay_us), (60 bytes).
    Removing sys.o(.emb_text), (6 bytes).
    Removing sys.o(i.Ex_NVIC_Config), (160 bytes).
    Removing sys.o(i.INTX_DISABLE), (4 bytes).
    Removing sys.o(i.INTX_ENABLE), (4 bytes).
    Removing sys.o(i.JTAG_Set), (48 bytes).
    Removing sys.o(i.MYRCC_DeInit), (104 bytes).
    Removing sys.o(i.MY_NVIC_SetVectorTable), (20 bytes).
    Removing sys.o(i.Stm32_Clock_Init), (144 bytes).
    Removing sys.o(i.Sys_Soft_Reset), (16 bytes).
    Removing sys.o(i.Sys_Standby), (76 bytes).
    Removing sys.o(i.WFI_SET), (4 bytes).
    Removing usart.o(i.uart_init), (220 bytes).
    Removing ili93xx.o(i.LCD_BGR2RGB), (26 bytes).
    Removing ili93xx.o(i.LCD_Clear), (136 bytes).
    Removing ili93xx.o(i.LCD_Color_Fill), (124 bytes).
    Removing ili93xx.o(i.LCD_DisplayOff), (96 bytes).
    Removing ili93xx.o(i.LCD_DisplayOn), (96 bytes).
    Removing ili93xx.o(i.LCD_Display_Dir), (448 bytes).
    Removing ili93xx.o(i.LCD_DrawLine), (176 bytes).
    Removing ili93xx.o(i.LCD_DrawPoint), (64 bytes).
    Removing ili93xx.o(i.LCD_DrawRectangle), (60 bytes).
    Removing ili93xx.o(i.LCD_Draw_Circle), (152 bytes).
    Removing ili93xx.o(i.LCD_Fast_DrawPoint), (868 bytes).
    Removing ili93xx.o(i.LCD_Fill), (212 bytes).
    Removing ili93xx.o(i.LCD_Init), (15328 bytes).
    Removing ili93xx.o(i.LCD_Pow), (22 bytes).
    Removing ili93xx.o(i.LCD_RD_DATA), (112 bytes).
    Removing ili93xx.o(i.LCD_ReadPoint), (520 bytes).
    Removing ili93xx.o(i.LCD_ReadReg), (16 bytes).
    Removing ili93xx.o(i.LCD_SSD_BackLightSet), (212 bytes).
    Removing ili93xx.o(i.LCD_Scan_Dir), (1112 bytes).
    Removing ili93xx.o(i.LCD_SetCursor), (956 bytes).
    Removing ili93xx.o(i.LCD_Set_Window), (1078 bytes).
    Removing ili93xx.o(i.LCD_ShowChar), (296 bytes).
    Removing ili93xx.o(i.LCD_ShowNum), (148 bytes).
    Removing ili93xx.o(i.LCD_ShowString), (102 bytes).
    Removing ili93xx.o(i.LCD_ShowxNum), (190 bytes).
    Removing ili93xx.o(i.LCD_WR_DATAX), (36 bytes).
    Removing ili93xx.o(i.LCD_WR_REG), (36 bytes).
    Removing ili93xx.o(i.LCD_WriteRAM), (36 bytes).
    Removing ili93xx.o(i.LCD_WriteRAM_Prepare), (16 bytes).
    Removing ili93xx.o(i.LCD_WriteReg), (48 bytes).
    Removing ili93xx.o(i.opt_delay), (14 bytes).
    Removing ili93xx.o(.bss), (14 bytes).
    Removing ili93xx.o(.constdata), (6080 bytes).
    Removing ili93xx.o(.data), (4 bytes).
    Removing key.o(i.KEY_Init), (136 bytes).
    Removing key.o(i.KEY_Scan), (132 bytes).
    Removing key.o(.data), (1 bytes).
    Removing spi.o(i.SPI1_Init), (180 bytes).
    Removing spi.o(i.SPI1_ReadWriteByte), (84 bytes).
    Removing spi.o(i.SPI1_SetSpeed), (44 bytes).
    Removing flash.o(i.SPI_FLASH_Write_Disable), (32 bytes).
    Removing flash.o(i.SPI_FLASH_Write_Enable), (32 bytes).
    Removing flash.o(i.SPI_FLASH_Write_SR), (40 bytes).
    Removing flash.o(i.SPI_Flash_Erase_Chip), (44 bytes).
    Removing flash.o(i.SPI_Flash_Erase_Sector), (72 bytes).
    Removing flash.o(i.SPI_Flash_Init), (96 bytes).
    Removing flash.o(i.SPI_Flash_PowerDown), (40 bytes).
    Removing flash.o(i.SPI_Flash_Read), (88 bytes).
    Removing flash.o(i.SPI_Flash_ReadID), (72 bytes).
    Removing flash.o(i.SPI_Flash_ReadSR), (44 bytes).
    Removing flash.o(i.SPI_Flash_WAKEUP), (40 bytes).
    Removing flash.o(i.SPI_Flash_Wait_Busy), (18 bytes).
    Removing flash.o(i.SPI_Flash_Write), (208 bytes).
    Removing flash.o(i.SPI_Flash_Write_NoCheck), (70 bytes).
    Removing flash.o(i.SPI_Flash_Write_Page), (84 bytes).
    Removing flash.o(i.SPI_USART_IO_SET), (116 bytes).
    Removing flash.o(.data), (2 bytes).
    Removing mmc_sd.o(i.SD_DisSelect), (20 bytes).
    Removing mmc_sd.o(i.SD_GetCID), (42 bytes).
    Removing mmc_sd.o(i.SD_GetCSD), (42 bytes).
    Removing mmc_sd.o(i.SD_GetResponse), (38 bytes).
    Removing mmc_sd.o(i.SD_GetSectorCount), (118 bytes).
    Removing mmc_sd.o(i.SD_Initialize), (392 bytes).
    Removing mmc_sd.o(i.SD_ReadDisk), (116 bytes).
    Removing mmc_sd.o(i.SD_RecvData), (56 bytes).
    Removing mmc_sd.o(i.SD_SPI_Init), (88 bytes).
    Removing mmc_sd.o(i.SD_SPI_ReadWriteByte), (12 bytes).
    Removing mmc_sd.o(i.SD_SPI_SpeedHigh), (10 bytes).
    Removing mmc_sd.o(i.SD_SPI_SpeedLow), (10 bytes).
    Removing mmc_sd.o(i.SD_Select), (32 bytes).
    Removing mmc_sd.o(i.SD_SendBlock), (82 bytes).
    Removing mmc_sd.o(i.SD_SendCmd), (120 bytes).
    Removing mmc_sd.o(i.SD_WaitReady), (34 bytes).
    Removing mmc_sd.o(i.SD_WriteDisk), (144 bytes).
    Removing mmc_sd.o(.data), (1 bytes).
    Removing 24cxx.o(i.AT24CXX_Check), (46 bytes).
    Removing 24cxx.o(i.AT24CXX_Init), (8 bytes).
    Removing 24cxx.o(i.AT24CXX_Read), (34 bytes).
    Removing 24cxx.o(i.AT24CXX_ReadLenByte), (44 bytes).
    Removing 24cxx.o(i.AT24CXX_ReadOneByte), (88 bytes).
    Removing 24cxx.o(i.AT24CXX_Write), (36 bytes).
    Removing 24cxx.o(i.AT24CXX_WriteLenByte), (42 bytes).
    Removing 24cxx.o(i.AT24CXX_WriteOneByte), (80 bytes).
    Removing myiic.o(i.IIC_Ack), (80 bytes).
    Removing myiic.o(i.IIC_Init), (56 bytes).
    Removing myiic.o(i.IIC_NAck), (80 bytes).
    Removing myiic.o(i.IIC_Read_Byte), (112 bytes).
    Removing myiic.o(i.IIC_Send_Byte), (104 bytes).
    Removing myiic.o(i.IIC_Start), (76 bytes).
    Removing myiic.o(i.IIC_Stop), (76 bytes).
    Removing myiic.o(i.IIC_Wait_Ack), (100 bytes).
    Removing ctiic.o(i.CT_Delay), (10 bytes).
    Removing ctiic.o(i.CT_IIC_Ack), (80 bytes).
    Removing ctiic.o(i.CT_IIC_Init), (72 bytes).
    Removing ctiic.o(i.CT_IIC_NAck), (80 bytes).
    Removing ctiic.o(i.CT_IIC_Read_Byte), (108 bytes).
    Removing ctiic.o(i.CT_IIC_Send_Byte), (96 bytes).
    Removing ctiic.o(i.CT_IIC_Start), (76 bytes).
    Removing ctiic.o(i.CT_IIC_Stop), (72 bytes).
    Removing ctiic.o(i.CT_IIC_Wait_Ack), (96 bytes).
    Removing ott2001a.o(i.OTT2001A_Init), (184 bytes).
    Removing ott2001a.o(i.OTT2001A_RD_Reg), (98 bytes).
    Removing ott2001a.o(i.OTT2001A_Scan), (480 bytes).
    Removing ott2001a.o(i.OTT2001A_SensorControl), (28 bytes).
    Removing ott2001a.o(i.OTT2001A_WR_Reg), (92 bytes).
    Removing ott2001a.o(.constdata), (10 bytes).
    Removing ott2001a.o(.data), (1 bytes).
    Removing touch.o(i.TP_Adj_Info_Show), (424 bytes).
    Removing touch.o(i.TP_Adjust), (2140 bytes).
    Removing touch.o(i.TP_Draw_Big_Point), (60 bytes).
    Removing touch.o(i.TP_Drow_Touch_Point), (112 bytes).
    Removing touch.o(i.TP_Get_Adjdata), (168 bytes).
    Removing touch.o(i.TP_Init), (304 bytes).
    Removing touch.o(i.TP_Read_AD), (144 bytes).
    Removing touch.o(i.TP_Read_XOY), (120 bytes).
    Removing touch.o(i.TP_Read_XY), (48 bytes).
    Removing touch.o(i.TP_Read_XY2), (192 bytes).
    Removing touch.o(i.TP_Save_Adjdata), (120 bytes).
    Removing touch.o(i.TP_Scan), (272 bytes).
    Removing touch.o(i.TP_Write_Byte), (76 bytes).
    Removing touch.o(.constdata), (4 bytes).
    Removing touch.o(.conststring), (121 bytes).
    Removing touch.o(.data), (54 bytes).
    Removing usart2.o(i.u2_printf), (80 bytes).
    Removing usart2.o(i.usart2_init), (256 bytes).
    Removing ft5206.o(i.FT5206_Init), (244 bytes).
    Removing ft5206.o(i.FT5206_RD_Reg), (88 bytes).
    Removing ft5206.o(i.FT5206_Scan), (412 bytes).
    Removing ft5206.o(i.FT5206_WR_Reg), (82 bytes).
    Removing ft5206.o(.constdata), (10 bytes).
    Removing ft5206.o(.data), (1 bytes).
    Removing gt9147.o(i.GT9147_Init), (324 bytes).
    Removing gt9147.o(i.GT9147_RD_Reg), (98 bytes).
    Removing gt9147.o(i.GT9147_Scan), (420 bytes).
    Removing gt9147.o(i.GT9147_Send_Cfg), (92 bytes).
    Removing gt9147.o(i.GT9147_WR_Reg), (92 bytes).
    Removing gt9147.o(.constdata), (194 bytes).
    Removing gt9147.o(.data), (1 bytes).
    Removing as608.o(i.PS_DeletChar), (108 bytes).
    Removing as608.o(i.PS_Empty), (58 bytes).
    Removing as608.o(i.PS_GenChar), (70 bytes).
    Removing as608.o(i.PS_GetImage), (58 bytes).
    Removing as608.o(i.PS_HandShake), (128 bytes).
    Removing as608.o(i.PS_HighSpeedSearch), (144 bytes).
    Removing as608.o(i.PS_Match), (58 bytes).
    Removing as608.o(i.PS_ReadNotepad), (96 bytes).
    Removing as608.o(i.PS_RegModel), (58 bytes).
    Removing as608.o(i.PS_Search), (144 bytes).
    Removing as608.o(i.PS_StaGPIO_Init), (60 bytes).
    Removing as608.o(i.PS_StoreChar), (96 bytes).
    Removing as608.o(i.PS_WriteNotepad), (106 bytes).
    Removing timer.o(i.TIM1_PWM_Init), (132 bytes).
    Removing timer.o(i.TIM4_Int_Init), (80 bytes).
    Removing malloc.o(i.mem_free), (72 bytes).
    Removing malloc.o(i.mem_init), (44 bytes).
    Removing malloc.o(i.mem_malloc), (120 bytes).
    Removing malloc.o(i.mem_perused), (48 bytes).
    Removing malloc.o(i.myfree), (28 bytes).
    Removing malloc.o(i.mymalloc), (32 bytes).
    Removing malloc.o(i.mymemcpy), (26 bytes).
    Removing malloc.o(i.mymemset), (20 bytes).
    Removing malloc.o(i.myrealloc), (56 bytes).
    Removing malloc.o(.bss), (43520 bytes).
    Removing malloc.o(.constdata), (12 bytes).
    Removing malloc.o(.data), (20 bytes).
    Removing exfuns.o(i.char_upper), (26 bytes).
    Removing exfuns.o(i.exf_getfree), (74 bytes).
    Removing exfuns.o(i.exfuns_init), (116 bytes).
    Removing exfuns.o(i.f_typetell), (192 bytes).
    Removing exfuns.o(.bss), (68 bytes).
    Removing exfuns.o(.conststring), (100 bytes).
    Removing exfuns.o(.data), (340 bytes).
    Removing fattester.o(i.mf_close), (20 bytes).
    Removing fattester.o(i.mf_closedir), (16 bytes).
    Removing fattester.o(i.mf_fmkfs), (20 bytes).
    Removing fattester.o(i.mf_getlabel), (132 bytes).
    Removing fattester.o(i.mf_gets), (76 bytes).
    Removing fattester.o(i.mf_lseek), (20 bytes).
    Removing fattester.o(i.mf_mkdir), (12 bytes).
    Removing fattester.o(i.mf_mount), (24 bytes).
    Removing fattester.o(i.mf_open), (28 bytes).
    Removing fattester.o(i.mf_opendir), (20 bytes).
    Removing fattester.o(i.mf_putc), (24 bytes).
    Removing fattester.o(i.mf_puts), (24 bytes).
    Removing fattester.o(i.mf_read), (344 bytes).
    Removing fattester.o(i.mf_readdir), (396 bytes).
    Removing fattester.o(i.mf_rename), (16 bytes).
    Removing fattester.o(i.mf_scan_files), (140 bytes).
    Removing fattester.o(i.mf_setlabel), (92 bytes).
    Removing fattester.o(i.mf_showfree), (168 bytes).
    Removing fattester.o(i.mf_size), (12 bytes).
    Removing fattester.o(i.mf_tell), (12 bytes).
    Removing fattester.o(i.mf_unlink), (12 bytes).
    Removing fattester.o(i.mf_write), (184 bytes).
    Removing diskio.o(i.disk_initialize), (96 bytes).
    Removing diskio.o(i.disk_ioctl), (172 bytes).
    Removing diskio.o(i.disk_read), (130 bytes).
    Removing diskio.o(i.disk_status), (6 bytes).
    Removing diskio.o(i.disk_write), (110 bytes).
    Removing diskio.o(i.ff_memalloc), (12 bytes).
    Removing diskio.o(i.ff_memfree), (12 bytes).
    Removing diskio.o(i.get_fattime), (4 bytes).
    Removing diskio.o(.data), (2 bytes).
    Removing ff.o(i.check_fs), (144 bytes).
    Removing ff.o(i.chk_chr), (20 bytes).
    Removing ff.o(i.clmt_clust), (50 bytes).
    Removing ff.o(i.clust2sect), (26 bytes).
    Removing ff.o(i.cmp_lfn), (144 bytes).
    Removing ff.o(i.create_chain), (214 bytes).
    Removing ff.o(i.create_name), (624 bytes).
    Removing ff.o(i.dir_alloc), (92 bytes).
    Removing ff.o(i.dir_find), (222 bytes).
    Removing ff.o(i.dir_next), (272 bytes).
    Removing ff.o(i.dir_read), (196 bytes).
    Removing ff.o(i.dir_register), (298 bytes).
    Removing ff.o(i.dir_remove), (106 bytes).
    Removing ff.o(i.dir_sdi), (158 bytes).
    Removing ff.o(i.f_chmod), (112 bytes).
    Removing ff.o(i.f_close), (32 bytes).
    Removing ff.o(i.f_closedir), (22 bytes).
    Removing ff.o(i.f_getfree), (258 bytes).
    Removing ff.o(i.f_getlabel), (190 bytes).
    Removing ff.o(i.f_gets), (82 bytes).
    Removing ff.o(i.f_lseek), (654 bytes).
    Removing ff.o(i.f_mkdir), (380 bytes).
    Removing ff.o(i.f_mkfs), (1600 bytes).
    Removing ff.o(i.f_mount), (92 bytes).
    Removing ff.o(i.f_open), (384 bytes).
    Removing ff.o(i.f_opendir), (136 bytes).
    Removing ff.o(i.f_printf), (628 bytes).
    Removing ff.o(i.f_putc), (64 bytes).
    Removing ff.o(i.f_puts), (74 bytes).
    Removing ff.o(i.f_read), (432 bytes).
    Removing ff.o(i.f_readdir), (114 bytes).
    Removing ff.o(i.f_rename), (314 bytes).
    Removing ff.o(i.f_setlabel), (488 bytes).
    Removing ff.o(i.f_stat), (84 bytes).
    Removing ff.o(i.f_sync), (176 bytes).
    Removing ff.o(i.f_truncate), (184 bytes).
    Removing ff.o(i.f_unlink), (194 bytes).
    Removing ff.o(i.f_utime), (110 bytes).
    Removing ff.o(i.f_write), (498 bytes).
    Removing ff.o(i.find_volume), (904 bytes).
    Removing ff.o(i.fit_lfn), (128 bytes).
    Removing ff.o(i.follow_path), (144 bytes).
    Removing ff.o(i.gen_numname), (200 bytes).
    Removing ff.o(i.get_fat), (232 bytes).
    Removing ff.o(i.get_fileinfo), (268 bytes).
    Removing ff.o(i.get_ldnumber), (74 bytes).
    Removing ff.o(i.ld_clust), (32 bytes).
    Removing ff.o(i.mem_cmp), (38 bytes).
    Removing ff.o(i.mem_cpy), (26 bytes).
    Removing ff.o(i.mem_set), (20 bytes).
    Removing ff.o(i.move_window), (50 bytes).
    Removing ff.o(i.pick_lfn), (116 bytes).
    Removing ff.o(i.put_fat), (310 bytes).
    Removing ff.o(i.putc_bfd), (68 bytes).
    Removing ff.o(i.remove_chain), (108 bytes).
    Removing ff.o(i.st_clust), (16 bytes).
    Removing ff.o(i.sum_sfn), (32 bytes).
    Removing ff.o(i.sync_fs), (200 bytes).
    Removing ff.o(i.sync_window), (76 bytes).
    Removing ff.o(i.validate), (54 bytes).
    Removing ff.o(.constdata), (58 bytes).
    Removing ff.o(.data), (10 bytes).
    Removing mycc936.o(i.ff_convert), (152 bytes).
    Removing mycc936.o(i.ff_wtoupper), (56 bytes).
    Removing mycc936.o(.constdata), (960 bytes).
    Removing fontupd.o(i.font_init), (40 bytes).
    Removing fontupd.o(i.fupd_prog), (144 bytes).
    Removing fontupd.o(i.updata_fontx), (348 bytes).
    Removing fontupd.o(i.update_font), (440 bytes).
    Removing fontupd.o(.bss), (33 bytes).
    Removing fontupd.o(.conststring), (110 bytes).
    Removing fontupd.o(.data), (16 bytes).
    Removing text.o(i.Get_HzMat), (224 bytes).
    Removing text.o(i.Show_Font), (200 bytes).
    Removing text.o(i.Show_Str), (194 bytes).
    Removing text.o(i.Show_Str_Mid), (112 bytes).

304 unused section(s) (total 109752 bytes) removed from the image.

==============================================================================

Image Symbol Table

    Local Symbols

    Symbol Name                              Value     Ov Type        Size  Object(Section)

    ../clib/angel/boardlib.s                 0x00000000   Number         0  boardinit1.o ABSOLUTE
    ../clib/angel/boardlib.s                 0x00000000   Number         0  boardshut.o ABSOLUTE
    ../clib/angel/boardlib.s                 0x00000000   Number         0  boardinit3.o ABSOLUTE
    ../clib/angel/boardlib.s                 0x00000000   Number         0  boardinit2.o ABSOLUTE
    ../clib/angel/dczerorl2.s                0x00000000   Number         0  __dczerorl2.o ABSOLUTE
    ../clib/angel/handlers.s                 0x00000000   Number         0  __scatter_zi.o ABSOLUTE
    ../clib/angel/kernel.s                   0x00000000   Number         0  __rtentry4.o ABSOLUTE
    ../clib/angel/kernel.s                   0x00000000   Number         0  __rtentry2.o ABSOLUTE
    ../clib/angel/kernel.s                   0x00000000   Number         0  rtexit2.o ABSOLUTE
    ../clib/angel/kernel.s                   0x00000000   Number         0  rtexit.o ABSOLUTE
    ../clib/angel/kernel.s                   0x00000000   Number         0  __rtentry.o ABSOLUTE
    ../clib/angel/rt.s                       0x00000000   Number         0  rt_raise.o ABSOLUTE
    ../clib/angel/rt.s                       0x00000000   Number         0  rt_errno_addr.o ABSOLUTE
    ../clib/angel/rt.s                       0x00000000   Number         0  rt_errno_addr_intlibspace.o ABSOLUTE
    ../clib/angel/rt.s                       0x00000000   Number         0  rt_ctype_table.o ABSOLUTE
    ../clib/angel/rt.s                       0x00000000   Number         0  rt_locale.o ABSOLUTE
    ../clib/angel/rt.s                       0x00000000   Number         0  rt_locale_intlibspace.o ABSOLUTE
    ../clib/angel/scatter.s                  0x00000000   Number         0  __scatter.o ABSOLUTE
    ../clib/angel/startup.s                  0x00000000   Number         0  __main.o ABSOLUTE
    ../clib/angel/sys.s                      0x00000000   Number         0  use_no_semi_2.o ABSOLUTE
    ../clib/angel/sys.s                      0x00000000   Number         0  sys_stackheap_outer.o ABSOLUTE
    ../clib/angel/sys.s                      0x00000000   Number         0  indicate_semi.o ABSOLUTE
    ../clib/angel/sys.s                      0x00000000   Number         0  libspace.o ABSOLUTE
    ../clib/angel/sys.s                      0x00000000   Number         0  use_no_semi.o ABSOLUTE
    ../clib/angel/sysapp.c                   0x00000000   Number         0  sys_command.o ABSOLUTE
    ../clib/angel/sysapp.c                   0x00000000   Number         0  sys_wrch.o ABSOLUTE
    ../clib/armsys.c                         0x00000000   Number         0  no_argv.o ABSOLUTE
    ../clib/armsys.c                         0x00000000   Number         0  argv_veneer.o ABSOLUTE
    ../clib/armsys.c                         0x00000000   Number         0  argv_veneer.o ABSOLUTE
    ../clib/armsys.c                         0x00000000   Number         0  _get_argv_nomalloc.o ABSOLUTE
    ../clib/bigflt.c                         0x00000000   Number         0  bigflt0.o ABSOLUTE
    ../clib/btod.s                           0x00000000   Number         0  btod.o ABSOLUTE
    ../clib/fenv.c                           0x00000000   Number         0  _rserrno.o ABSOLUTE
    ../clib/heapalloc.c                      0x00000000   Number         0  hrguard.o ABSOLUTE
    ../clib/heapaux.c                        0x00000000   Number         0  heapauxi.o ABSOLUTE
    ../clib/libinit.s                        0x00000000   Number         0  libshutdown.o ABSOLUTE
    ../clib/libinit.s                        0x00000000   Number         0  libinit2.o ABSOLUTE
    ../clib/libinit.s                        0x00000000   Number         0  libshutdown2.o ABSOLUTE
    ../clib/libinit.s                        0x00000000   Number         0  libinit.o ABSOLUTE
    ../clib/locale.c                         0x00000000   Number         0  _wcrtomb.o ABSOLUTE
    ../clib/locale.s                         0x00000000   Number         0  lc_numeric_c.o ABSOLUTE
    ../clib/locale.s                         0x00000000   Number         0  lc_ctype_c.o ABSOLUTE
    ../clib/longlong.s                       0x00000000   Number         0  lludiv10.o ABSOLUTE
    ../clib/memcpset.s                       0x00000000   Number         0  strcmpv7m.o ABSOLUTE
    ../clib/misc.s                           0x00000000   Number         0  printf_stubs.o ABSOLUTE
    ../clib/printf.c                         0x00000000   Number         0  __printf_ss_wp.o ABSOLUTE
    ../clib/printf.c                         0x00000000   Number         0  __printf_flags_wp.o ABSOLUTE
    ../clib/printf.c                         0x00000000   Number         0  __printf_wp.o ABSOLUTE
    ../clib/printf.c                         0x00000000   Number         0  _printf_hex_ll_ptr.o ABSOLUTE
    ../clib/printf.c                         0x00000000   Number         0  __printf_flags_ss.o ABSOLUTE
    ../clib/printf.c                         0x00000000   Number         0  _printf_hex_ptr.o ABSOLUTE
    ../clib/printf.c                         0x00000000   Number         0  _printf_hex_int_ll.o ABSOLUTE
    ../clib/printf.c                         0x00000000   Number         0  _printf_wchar.o ABSOLUTE
    ../clib/printf.c                         0x00000000   Number         0  __printf_nopercent.o ABSOLUTE
    ../clib/printf.c                         0x00000000   Number         0  _printf_fp_dec.o ABSOLUTE
    ../clib/printf.c                         0x00000000   Number         0  __printf_ss.o ABSOLUTE
    ../clib/printf.c                         0x00000000   Number         0  __printf_flags.o ABSOLUTE
    ../clib/printf.c                         0x00000000   Number         0  _printf_truncate.o ABSOLUTE
    ../clib/printf.c                         0x00000000   Number         0  _printf_intcommon.o ABSOLUTE
    ../clib/printf.c                         0x00000000   Number         0  _printf_charcount.o ABSOLUTE
    ../clib/printf.c                         0x00000000   Number         0  _printf_hex_int.o ABSOLUTE
    ../clib/printf.c                         0x00000000   Number         0  _printf_hex_ll.o ABSOLUTE
    ../clib/printf.c                         0x00000000   Number         0  _sputc.o ABSOLUTE
    ../clib/printf.c                         0x00000000   Number         0  _printf_char_common.o ABSOLUTE
    ../clib/printf.c                         0x00000000   Number         0  _printf_char.o ABSOLUTE
    ../clib/printf.c                         0x00000000   Number         0  _printf_str.o ABSOLUTE
    ../clib/printf.c                         0x00000000   Number         0  _printf_char_file.o ABSOLUTE
    ../clib/printf.c                         0x00000000   Number         0  _printf_pad.o ABSOLUTE
    ../clib/printf.c                         0x00000000   Number         0  __printf.o ABSOLUTE
    ../clib/printf.c                         0x00000000   Number         0  noretval__2sprintf.o ABSOLUTE
    ../clib/printf.c                         0x00000000   Number         0  noretval__2printf.o ABSOLUTE
    ../clib/printf.c                         0x00000000   Number         0  _printf_wctomb.o ABSOLUTE
    ../clib/printf.c                         0x00000000   Number         0  _printf_hex_int_ll_ptr.o ABSOLUTE
    ../clib/printf.c                         0x00000000   Number         0  _printf_dec.o ABSOLUTE
    ../clib/printf.c                         0x00000000   Number         0  _printf_oct_int_ll.o ABSOLUTE
    ../clib/printf.c                         0x00000000   Number         0  _printf_oct_int.o ABSOLUTE
    ../clib/printf.c                         0x00000000   Number         0  _printf_oct_ll.o ABSOLUTE
    ../clib/printf.c                         0x00000000   Number         0  __2printf.o ABSOLUTE
    ../clib/printf.c                         0x00000000   Number         0  __2sprintf.o ABSOLUTE
    ../clib/printf.c                         0x00000000   Number         0  c89vsprintf.o ABSOLUTE
    ../clib/printf.c                         0x00000000   Number         0  _printf_longlong_dec.o ABSOLUTE
    ../clib/printf.c                         0x00000000   Number         0  _printf_fp_infnan.o ABSOLUTE
    ../clib/printf.c                         0x00000000   Number         0  __printf_flags_ss_wp.o ABSOLUTE
    ../clib/printf.c                         0x00000000   Number         0  _printf_hex_int_ptr.o ABSOLUTE
    ../clib/printf_percent.s                 0x00000000   Number         0  _printf_l.o ABSOLUTE
    ../clib/printf_percent.s                 0x00000000   Number         0  _printf_ll.o ABSOLUTE
    ../clib/printf_percent.s                 0x00000000   Number         0  _printf_llu.o ABSOLUTE
    ../clib/printf_percent.s                 0x00000000   Number         0  _printf_lld.o ABSOLUTE
    ../clib/printf_percent.s                 0x00000000   Number         0  _printf_percent_end.o ABSOLUTE
    ../clib/printf_percent.s                 0x00000000   Number         0  _printf_a.o ABSOLUTE
    ../clib/printf_percent.s                 0x00000000   Number         0  _printf_g.o ABSOLUTE
    ../clib/printf_percent.s                 0x00000000   Number         0  _printf_e.o ABSOLUTE
    ../clib/printf_percent.s                 0x00000000   Number         0  _printf_f.o ABSOLUTE
    ../clib/printf_percent.s                 0x00000000   Number         0  _printf_i.o ABSOLUTE
    ../clib/printf_percent.s                 0x00000000   Number         0  _printf_o.o ABSOLUTE
    ../clib/printf_percent.s                 0x00000000   Number         0  _printf_p.o ABSOLUTE
    ../clib/printf_percent.s                 0x00000000   Number         0  _printf_n.o ABSOLUTE
    ../clib/printf_percent.s                 0x00000000   Number         0  _printf_ls.o ABSOLUTE
    ../clib/printf_percent.s                 0x00000000   Number         0  _printf_lli.o ABSOLUTE
    ../clib/printf_percent.s                 0x00000000   Number         0  _printf_c.o ABSOLUTE
    ../clib/printf_percent.s                 0x00000000   Number         0  _printf_s.o ABSOLUTE
    ../clib/printf_percent.s                 0x00000000   Number         0  _printf_x.o ABSOLUTE
    ../clib/printf_percent.s                 0x00000000   Number         0  _printf_d.o ABSOLUTE
    ../clib/printf_percent.s                 0x00000000   Number         0  _printf_u.o ABSOLUTE
    ../clib/printf_percent.s                 0x00000000   Number         0  _printf_percent.o ABSOLUTE
    ../clib/printf_percent.s                 0x00000000   Number         0  _printf_llx.o ABSOLUTE
    ../clib/printf_percent.s                 0x00000000   Number         0  _printf_llo.o ABSOLUTE
    ../clib/printf_percent.s                 0x00000000   Number         0  _printf_lc.o ABSOLUTE
    ../clib/signal.c                         0x00000000   Number         0  defsig_cppl_inner.o ABSOLUTE
    ../clib/signal.c                         0x00000000   Number         0  defsig_pvfn_inner.o ABSOLUTE
    ../clib/signal.c                         0x00000000   Number         0  defsig_rtmem_outer.o ABSOLUTE
    ../clib/signal.c                         0x00000000   Number         0  defsig_rtmem_formal.o ABSOLUTE
    ../clib/signal.c                         0x00000000   Number         0  defsig_rtred_inner.o ABSOLUTE
    ../clib/signal.c                         0x00000000   Number         0  defsig_stak_inner.o ABSOLUTE
    ../clib/signal.c                         0x00000000   Number         0  defsig_fpe_inner.o ABSOLUTE
    ../clib/signal.c                         0x00000000   Number         0  defsig_abrt_inner.o ABSOLUTE
    ../clib/signal.c                         0x00000000   Number         0  defsig_general.o ABSOLUTE
    ../clib/signal.c                         0x00000000   Number         0  __raise.o ABSOLUTE
    ../clib/signal.c                         0x00000000   Number         0  defsig_rtmem_inner.o ABSOLUTE
    ../clib/signal.c                         0x00000000   Number         0  defsig_exit.o ABSOLUTE
    ../clib/signal.c                         0x00000000   Number         0  defsig_other.o ABSOLUTE
    ../clib/signal.c                         0x00000000   Number         0  defsig_segv_inner.o ABSOLUTE
    ../clib/signal.s                         0x00000000   Number         0  defsig.o ABSOLUTE
    ../clib/stdio.c                          0x00000000   Number         0  ferror.o ABSOLUTE
    ../clib/stdio.c                          0x00000000   Number         0  ferror_locked.o ABSOLUTE
    ../clib/stdlib.c                         0x00000000   Number         0  exit.o ABSOLUTE
    ../clib/string.c                         0x00000000   Number         0  strlen.o ABSOLUTE
    ../clib/string.c                         0x00000000   Number         0  strcpy.o ABSOLUTE
    ../clib/string.c                         0x00000000   Number         0  strstr.o ABSOLUTE
    ../fplib/daddsub.s                       0x00000000   Number         0  daddsub_clz.o ABSOLUTE
    ../fplib/dcmpi.s                         0x00000000   Number         0  dcmpi.o ABSOLUTE
    ../fplib/dfixu.s                         0x00000000   Number         0  dfixu.o ABSOLUTE
    ../fplib/dflt.s                          0x00000000   Number         0  dflt_clz.o ABSOLUTE
    ../fplib/dleqf.s                         0x00000000   Number         0  dleqf.o ABSOLUTE
    ../fplib/dmul.s                          0x00000000   Number         0  dmul.o ABSOLUTE
    ../fplib/dnaninf.s                       0x00000000   Number         0  dnaninf.o ABSOLUTE
    ../fplib/dretinf.s                       0x00000000   Number         0  dretinf.o ABSOLUTE
    ../fplib/drleqf.s                        0x00000000   Number         0  drleqf.o ABSOLUTE
    ../fplib/dsqrt.s                         0x00000000   Number         0  dsqrt_noumaal.o ABSOLUTE
    ../fplib/f2d.s                           0x00000000   Number         0  f2d.o ABSOLUTE
    ../fplib/faddsub.s                       0x00000000   Number         0  faddsub_clz.o ABSOLUTE
    ../fplib/fcmpi.s                         0x00000000   Number         0  fcmpi.o ABSOLUTE
    ../fplib/fdiv.s                          0x00000000   Number         0  fdiv.o ABSOLUTE
    ../fplib/feqf.s                          0x00000000   Number         0  feqf.o ABSOLUTE
    ../fplib/ffix.s                          0x00000000   Number         0  ffix.o ABSOLUTE
    ../fplib/ffixu.s                         0x00000000   Number         0  ffixu.o ABSOLUTE
    ../fplib/fflt.s                          0x00000000   Number         0  fflt_clz.o ABSOLUTE
    ../fplib/fmul.s                          0x00000000   Number         0  fmul.o ABSOLUTE
    ../fplib/fnaninf.s                       0x00000000   Number         0  fnaninf.o ABSOLUTE
    ../fplib/fpinit.s                        0x00000000   Number         0  fpinit.o ABSOLUTE
    ../fplib/fretinf.s                       0x00000000   Number         0  fretinf.o ABSOLUTE
    ../fplib/istatus.s                       0x00000000   Number         0  istatus.o ABSOLUTE
    ../fplib/printf1.s                       0x00000000   Number         0  printf1.o ABSOLUTE
    ../fplib/usenofp.s                       0x00000000   Number         0  usenofp.o ABSOLUTE
    ../mathlib/fpclassify.c                  0x00000000   Number         0  fpclassify.o ABSOLUTE
    ../mathlib/sqrt.c                        0x00000000   Number         0  sqrt.o ABSOLUTE
    ../mathlib/sqrt.c                        0x00000000   Number         0  sqrt_x.o ABSOLUTE
    ..\FATFS\exfuns\exfuns.c                 0x00000000   Number         0  exfuns.o ABSOLUTE
    ..\FATFS\exfuns\fattester.c              0x00000000   Number         0  fattester.o ABSOLUTE
    ..\FATFS\exfuns\mycc936.c                0x00000000   Number         0  mycc936.o ABSOLUTE
    ..\FATFS\src\diskio.c                    0x00000000   Number         0  diskio.o ABSOLUTE
    ..\FATFS\src\ff.c                        0x00000000   Number         0  ff.o ABSOLUTE
    ..\HARDWARE\24CXX\24cxx.c                0x00000000   Number         0  24cxx.o ABSOLUTE
    ..\HARDWARE\24CXX\myiic.c                0x00000000   Number         0  myiic.o ABSOLUTE
    ..\HARDWARE\AS608\as608.c                0x00000000   Number         0  as608.o ABSOLUTE
    ..\HARDWARE\FLASH\flash.c                0x00000000   Number         0  flash.o ABSOLUTE
    ..\HARDWARE\KEY\key.c                    0x00000000   Number         0  key.o ABSOLUTE
    ..\HARDWARE\LCD\ILI93xx.c                0x00000000   Number         0  ili93xx.o ABSOLUTE
    ..\HARDWARE\SD\MMC_SD.C                  0x00000000   Number         0  mmc_sd.o ABSOLUTE
    ..\HARDWARE\SPI\spi.c                    0x00000000   Number         0  spi.o ABSOLUTE
    ..\HARDWARE\TIMER\timer.c                0x00000000   Number         0  timer.o ABSOLUTE
    ..\HARDWARE\TOUCH\ctiic.c                0x00000000   Number         0  ctiic.o ABSOLUTE
    ..\HARDWARE\TOUCH\ft5206.c               0x00000000   Number         0  ft5206.o ABSOLUTE
    ..\HARDWARE\TOUCH\gt9147.c               0x00000000   Number         0  gt9147.o ABSOLUTE
    ..\HARDWARE\TOUCH\ott2001a.c             0x00000000   Number         0  ott2001a.o ABSOLUTE
    ..\HARDWARE\TOUCH\touch.c                0x00000000   Number         0  touch.o ABSOLUTE
    ..\HARDWARE\USART2\usart2.c              0x00000000   Number         0  usart2.o ABSOLUTE
    ..\MALLOC\malloc.c                       0x00000000   Number         0  malloc.o ABSOLUTE
    ..\SYSTEM\delay\delay.c                  0x00000000   Number         0  delay.o ABSOLUTE
    ..\SYSTEM\sys\sys.c                      0x00000000   Number         0  sys.o ABSOLUTE
    ..\SYSTEM\usart\usart.c                  0x00000000   Number         0  usart.o ABSOLUTE
    ..\TEXT\fontupd.c                        0x00000000   Number         0  fontupd.o ABSOLUTE
    ..\TEXT\text.c                           0x00000000   Number         0  text.o ABSOLUTE
    ..\USMART\usmart.c                       0x00000000   Number         0  usmart.o ABSOLUTE
    ..\USMART\usmart_config.c                0x00000000   Number         0  usmart_config.o ABSOLUTE
    ..\USMART\usmart_str.c                   0x00000000   Number         0  usmart_str.o ABSOLUTE
    ..\\SYSTEM\\sys\\sys.c                   0x00000000   Number         0  sys.o ABSOLUTE
    dc.s                                     0x00000000   Number         0  dc.o ABSOLUTE
    main.c                                   0x00000000   Number         0  main.o ABSOLUTE
    startup_stm32f10x_hd.s                   0x00000000   Number         0  startup_stm32f10x_hd.o ABSOLUTE
    RESET                                    0x08000000   Section      304  startup_stm32f10x_hd.o(RESET)
    !!!main                                  0x08000130   Section        8  __main.o(!!!main)
    !!!scatter                               0x08000138   Section       52  __scatter.o(!!!scatter)
    !!dczerorl2                              0x0800016c   Section       90  __dczerorl2.o(!!dczerorl2)
    !!handler_zi                             0x080001c8   Section       28  __scatter_zi.o(!!handler_zi)
    .ARM.Collect$$_printf_percent$$00000000  0x080001e4   Section        0  _printf_percent.o(.ARM.Collect$$_printf_percent$$00000000)
    .ARM.Collect$$_printf_percent$$00000009  0x080001e4   Section        6  _printf_d.o(.ARM.Collect$$_printf_percent$$00000009)
    .ARM.Collect$$_printf_percent$$0000000A  0x080001ea   Section        6  _printf_u.o(.ARM.Collect$$_printf_percent$$0000000A)
    .ARM.Collect$$_printf_percent$$0000000C  0x080001f0   Section        6  _printf_x.o(.ARM.Collect$$_printf_percent$$0000000C)
    .ARM.Collect$$_printf_percent$$00000013  0x080001f6   Section        6  _printf_c.o(.ARM.Collect$$_printf_percent$$00000013)
    .ARM.Collect$$_printf_percent$$00000014  0x080001fc   Section        6  _printf_s.o(.ARM.Collect$$_printf_percent$$00000014)
    .ARM.Collect$$_printf_percent$$00000017  0x08000202   Section        4  _printf_percent_end.o(.ARM.Collect$$_printf_percent$$00000017)
    .ARM.Collect$$libinit$$00000000          0x08000206   Section        2  libinit.o(.ARM.Collect$$libinit$$00000000)
    .ARM.Collect$$libinit$$00000002          0x08000208   Section        0  libinit2.o(.ARM.Collect$$libinit$$00000002)
    .ARM.Collect$$libinit$$00000004          0x08000208   Section        0  libinit2.o(.ARM.Collect$$libinit$$00000004)
    .ARM.Collect$$libinit$$0000000A          0x08000208   Section        0  libinit2.o(.ARM.Collect$$libinit$$0000000A)
    .ARM.Collect$$libinit$$0000000C          0x08000208   Section        0  libinit2.o(.ARM.Collect$$libinit$$0000000C)
    .ARM.Collect$$libinit$$0000000E          0x08000208   Section        0  libinit2.o(.ARM.Collect$$libinit$$0000000E)
    .ARM.Collect$$libinit$$00000011          0x08000208   Section        0  libinit2.o(.ARM.Collect$$libinit$$00000011)
    .ARM.Collect$$libinit$$00000013          0x08000208   Section        0  libinit2.o(.ARM.Collect$$libinit$$00000013)
    .ARM.Collect$$libinit$$00000015          0x08000208   Section        0  libinit2.o(.ARM.Collect$$libinit$$00000015)
    .ARM.Collect$$libinit$$00000017          0x08000208   Section        0  libinit2.o(.ARM.Collect$$libinit$$00000017)
    .ARM.Collect$$libinit$$00000019          0x08000208   Section        0  libinit2.o(.ARM.Collect$$libinit$$00000019)
    .ARM.Collect$$libinit$$0000001B          0x08000208   Section        0  libinit2.o(.ARM.Collect$$libinit$$0000001B)
    .ARM.Collect$$libinit$$0000001D          0x08000208   Section        0  libinit2.o(.ARM.Collect$$libinit$$0000001D)
    .ARM.Collect$$libinit$$0000001F          0x08000208   Section        0  libinit2.o(.ARM.Collect$$libinit$$0000001F)
    .ARM.Collect$$libinit$$00000021          0x08000208   Section        0  libinit2.o(.ARM.Collect$$libinit$$00000021)
    .ARM.Collect$$libinit$$00000023          0x08000208   Section        0  libinit2.o(.ARM.Collect$$libinit$$00000023)
    .ARM.Collect$$libinit$$00000025          0x08000208   Section        0  libinit2.o(.ARM.Collect$$libinit$$00000025)
    .ARM.Collect$$libinit$$0000002C          0x08000208   Section        0  libinit2.o(.ARM.Collect$$libinit$$0000002C)
    .ARM.Collect$$libinit$$0000002E          0x08000208   Section        0  libinit2.o(.ARM.Collect$$libinit$$0000002E)
    .ARM.Collect$$libinit$$00000030          0x08000208   Section        0  libinit2.o(.ARM.Collect$$libinit$$00000030)
    .ARM.Collect$$libinit$$00000032          0x08000208   Section        0  libinit2.o(.ARM.Collect$$libinit$$00000032)
    .ARM.Collect$$libinit$$00000033          0x08000208   Section        2  libinit2.o(.ARM.Collect$$libinit$$00000033)
    .ARM.Collect$$libshutdown$$00000000      0x0800020a   Section        2  libshutdown.o(.ARM.Collect$$libshutdown$$00000000)
    .ARM.Collect$$libshutdown$$00000003      0x0800020c   Section        0  libshutdown2.o(.ARM.Collect$$libshutdown$$00000003)
    .ARM.Collect$$libshutdown$$00000006      0x0800020c   Section        0  libshutdown2.o(.ARM.Collect$$libshutdown$$00000006)
    .ARM.Collect$$libshutdown$$00000009      0x0800020c   Section        0  libshutdown2.o(.ARM.Collect$$libshutdown$$00000009)
    .ARM.Collect$$libshutdown$$0000000B      0x0800020c   Section        0  libshutdown2.o(.ARM.Collect$$libshutdown$$0000000B)
    .ARM.Collect$$libshutdown$$0000000E      0x0800020c   Section        0  libshutdown2.o(.ARM.Collect$$libshutdown$$0000000E)
    .ARM.Collect$$libshutdown$$0000000F      0x0800020c   Section        2  libshutdown2.o(.ARM.Collect$$libshutdown$$0000000F)
    .ARM.Collect$$rtentry$$00000000          0x0800020e   Section        0  __rtentry.o(.ARM.Collect$$rtentry$$00000000)
    .ARM.Collect$$rtentry$$00000002          0x0800020e   Section        0  __rtentry2.o(.ARM.Collect$$rtentry$$00000002)
    .ARM.Collect$$rtentry$$00000004          0x0800020e   Section        6  __rtentry4.o(.ARM.Collect$$rtentry$$00000004)
    .ARM.Collect$$rtentry$$00000009          0x08000214   Section        0  __rtentry2.o(.ARM.Collect$$rtentry$$00000009)
    .ARM.Collect$$rtentry$$0000000A          0x08000214   Section        4  __rtentry2.o(.ARM.Collect$$rtentry$$0000000A)
    .ARM.Collect$$rtentry$$0000000C          0x08000218   Section        0  __rtentry2.o(.ARM.Collect$$rtentry$$0000000C)
    .ARM.Collect$$rtentry$$0000000D          0x08000218   Section        8  __rtentry2.o(.ARM.Collect$$rtentry$$0000000D)
    .ARM.Collect$$rtexit$$00000000           0x08000220   Section        2  rtexit.o(.ARM.Collect$$rtexit$$00000000)
    .ARM.Collect$$rtexit$$00000002           0x08000222   Section        0  rtexit2.o(.ARM.Collect$$rtexit$$00000002)
    .ARM.Collect$$rtexit$$00000003           0x08000222   Section        4  rtexit2.o(.ARM.Collect$$rtexit$$00000003)
    .ARM.Collect$$rtexit$$00000004           0x08000226   Section        6  rtexit2.o(.ARM.Collect$$rtexit$$00000004)
    .text                                    0x0800022c   Section       56  startup_stm32f10x_hd.o(.text)
    .text                                    0x08000264   Section        2  use_no_semi_2.o(.text)
    .text                                    0x08000268   Section        0  __2printf.o(.text)
    .text                                    0x08000280   Section        0  _printf_pad.o(.text)
    .text                                    0x080002ce   Section        0  _printf_str.o(.text)
    .text                                    0x08000320   Section        0  _printf_dec.o(.text)
    .text                                    0x08000398   Section        0  _printf_hex_int_ll_ptr.o(.text)
    _printf_hex_common                       0x08000399   Thumb Code     0  _printf_hex_int_ll_ptr.o(.text)
    .text                                    0x0800042c   Section        0  __printf_flags_ss_wp.o(.text)
    .text                                    0x080005b4   Section        0  strstr.o(.text)
    .text                                    0x080005d8   Section        0  heapauxi.o(.text)
    .text                                    0x080005de   Section        2  use_no_semi.o(.text)
    .text                                    0x080005e0   Section        0  _printf_intcommon.o(.text)
    .text                                    0x08000694   Section        0  _printf_char_common.o(.text)
    _printf_input_char                       0x08000695   Thumb Code    10  _printf_char_common.o(.text)
    .text                                    0x080006c4   Section        0  _printf_char.o(.text)
    .text                                    0x080006f0   Section        0  _printf_char_file.o(.text)
    .text                                    0x08000714   Section        0  ferror.o(.text)
    .text                                    0x0800071c   Section        8  libspace.o(.text)
    .text                                    0x08000724   Section       74  sys_stackheap_outer.o(.text)
    .text                                    0x0800076e   Section        0  exit.o(.text)
    i.EnsureMessage                          0x0800077c   Section        0  as608.o(i.EnsureMessage)
    i.JudgeStr                               0x080009ec   Section        0  as608.o(i.JudgeStr)
    JudgeStr                                 0x080009ed   Thumb Code   122  as608.o(i.JudgeStr)
    i.MYUSART_SendData                       0x08000a74   Section        0  as608.o(i.MYUSART_SendData)
    MYUSART_SendData                         0x08000a75   Thumb Code    22  as608.o(i.MYUSART_SendData)
    i.MY_NVIC_Init                           0x08000a90   Section        0  sys.o(i.MY_NVIC_Init)
    i.MY_NVIC_PriorityGroupConfig            0x08000b08   Section        0  sys.o(i.MY_NVIC_PriorityGroupConfig)
    i.PS_ReadSysPara                         0x08000b30   Section        0  as608.o(i.PS_ReadSysPara)
    i.PS_SetAddr                             0x08000c20   Section        0  as608.o(i.PS_SetAddr)
    i.PS_ValidTempleteNum                    0x08000cd4   Section        0  as608.o(i.PS_ValidTempleteNum)
    i.PS_WriteReg                            0x08000d5c   Section        0  as608.o(i.PS_WriteReg)
    i.SendAddr                               0x08000de4   Section        0  as608.o(i.SendAddr)
    SendAddr                                 0x08000de5   Thumb Code    46  as608.o(i.SendAddr)
    i.SendCheck                              0x08000e18   Section        0  as608.o(i.SendCheck)
    SendCheck                                0x08000e19   Thumb Code    18  as608.o(i.SendCheck)
    i.SendFlag                               0x08000e2a   Section        0  as608.o(i.SendFlag)
    SendFlag                                 0x08000e2b   Thumb Code    12  as608.o(i.SendFlag)
    i.SendHead                               0x08000e36   Section        0  as608.o(i.SendHead)
    SendHead                                 0x08000e37   Thumb Code    16  as608.o(i.SendHead)
    i.SendLength                             0x08000e46   Section        0  as608.o(i.SendLength)
    SendLength                               0x08000e47   Thumb Code    20  as608.o(i.SendLength)
    i.Sendcmd                                0x08000e5a   Section        0  as608.o(i.Sendcmd)
    Sendcmd                                  0x08000e5b   Thumb Code    12  as608.o(i.Sendcmd)
    i.TIM2_IRQHandler                        0x08000e68   Section        0  usmart.o(i.TIM2_IRQHandler)
    i.TIM4_IRQHandler                        0x08000ea0   Section        0  timer.o(i.TIM4_IRQHandler)
    i.Timer2_Init                            0x08000edc   Section        0  usmart.o(i.Timer2_Init)
    i.USART1_IRQHandler                      0x08000f1c   Section        0  usart.o(i.USART1_IRQHandler)
    i.USART2_IRQHandler                      0x08000fa0   Section        0  usart2.o(i.USART2_IRQHandler)
    i._is_digit                              0x08001010   Section        0  __printf_wp.o(i._is_digit)
    i._sys_exit                              0x0800101e   Section        0  usart.o(i._sys_exit)
    i.delay_ms                               0x08001024   Section        0  delay.o(i.delay_ms)
    i.fputc                                  0x08001060   Section        0  usart.o(i.fputc)
    i.main                                   0x0800107c   Section        0  main.o(i.main)
    i.usmart_cmd_rec                         0x08001080   Section        0  usmart.o(i.usmart_cmd_rec)
    i.usmart_exe                             0x08001130   Section        0  usmart.o(i.usmart_exe)
    i.usmart_get_aparm                       0x08001408   Section        0  usmart_str.o(i.usmart_get_aparm)
    i.usmart_get_cmdname                     0x080014d0   Section        0  usmart_str.o(i.usmart_get_cmdname)
    i.usmart_get_fname                       0x08001508   Section        0  usmart_str.o(i.usmart_get_fname)
    i.usmart_get_fparam                      0x080016c8   Section        0  usmart_str.o(i.usmart_get_fparam)
    i.usmart_get_parmpos                     0x080017d4   Section        0  usmart_str.o(i.usmart_get_parmpos)
    i.usmart_get_runtime                     0x080017f4   Section        0  usmart.o(i.usmart_get_runtime)
    i.usmart_init                            0x08001834   Section        0  usmart.o(i.usmart_init)
    i.usmart_pow                             0x0800185c   Section        0  usmart_str.o(i.usmart_pow)
    i.usmart_reset_runtime                   0x08001874   Section        0  usmart.o(i.usmart_reset_runtime)
    i.usmart_scan                            0x0800189c   Section        0  usmart.o(i.usmart_scan)
    i.usmart_search_nextc                    0x08001958   Section        0  usmart_str.o(i.usmart_search_nextc)
    i.usmart_str2num                         0x0800196e   Section        0  usmart_str.o(i.usmart_str2num)
    i.usmart_strcmp                          0x08001a38   Section        0  usmart_str.o(i.usmart_strcmp)
    i.usmart_strcopy                         0x08001a5a   Section        0  usmart_str.o(i.usmart_strcopy)
    i.usmart_strlen                          0x08001a70   Section        0  usmart_str.o(i.usmart_strlen)
    i.usmart_sys_cmd_exe                     0x08001a88   Section        0  usmart.o(i.usmart_sys_cmd_exe)
    .constdata                               0x0800216c   Section       40  _printf_hex_int_ll_ptr.o(.constdata)
    uc_hextab                                0x0800216c   Data          20  _printf_hex_int_ll_ptr.o(.constdata)
    lc_hextab                                0x08002180   Data          20  _printf_hex_int_ll_ptr.o(.constdata)
    .constdata                               0x08002194   Section       17  __printf_flags_ss_wp.o(.constdata)
    maptable                                 0x08002194   Data          17  __printf_flags_ss_wp.o(.constdata)
    .conststring                             0x080021a8   Section       40  usmart.o(.conststring)
    .conststring                             0x080021d0   Section      235  usmart_config.o(.conststring)
    .data                                    0x20000000   Section        4  delay.o(.data)
    fac_us                                   0x20000000   Data           1  delay.o(.data)
    fac_ms                                   0x20000002   Data           2  delay.o(.data)
    .data                                    0x20000004   Section        6  usart.o(.data)
    .data                                    0x2000000a   Section        2  usart2.o(.data)
    .data                                    0x2000000c   Section        4  as608.o(.data)
    .data                                    0x20000010   Section       28  usmart.o(.data)
    .data                                    0x2000002c   Section      276  usmart_config.o(.data)
    .bss                                     0x20000140   Section      200  usart.o(.bss)
    .bss                                     0x20000208   Section     1600  usart2.o(.bss)
    .bss                                     0x20000848   Section       96  libspace.o(.bss)
    HEAP                                     0x200008a8   Section      512  startup_stm32f10x_hd.o(HEAP)
    Heap_Mem                                 0x200008a8   Data         512  startup_stm32f10x_hd.o(HEAP)
    STACK                                    0x20000aa8   Section     1024  startup_stm32f10x_hd.o(STACK)
    Stack_Mem                                0x20000aa8   Data        1024  startup_stm32f10x_hd.o(STACK)
    __initial_sp                             0x20000ea8   Data           0  startup_stm32f10x_hd.o(STACK)

    Global Symbols

    Symbol Name                              Value     Ov Type        Size  Object(Section)

    BuildAttributes$$THM_ISAv4$P$D$K$B$S$PE$A:L22UL41UL21$X:L11$S22US41US21$IEEE1$IW$USESV6$~STKCKD$USESV7$~SHL$OTIME$ROPI$IEEEJ$EBA8$UX$STANDARDLIB$REQ8$PRES8$EABIv2 0x00000000   Number         0  anon$$obj.o ABSOLUTE
    __ARM_use_no_argv                        0x00000000   Number         0  main.o ABSOLUTE
    _printf_flags                            0x00000000   Number         0  printf_stubs.o ABSOLUTE
    _printf_return_value                     0x00000000   Number         0  printf_stubs.o ABSOLUTE
    _printf_sizespec                         0x00000000   Number         0  printf_stubs.o ABSOLUTE
    _printf_widthprec                        0x00000000   Number         0  printf_stubs.o ABSOLUTE
    __ARM_exceptions_init                     - Undefined Weak Reference
    __alloca_initialize                       - Undefined Weak Reference
    __arm_preinit_                            - Undefined Weak Reference
    __cpp_initialize__aeabi_                  - Undefined Weak Reference
    __cxa_finalize                            - Undefined Weak Reference
    __sigvec_lookup                           - Undefined Weak Reference
    _atexit_init                              - Undefined Weak Reference
    _call_atexit_fns                          - Undefined Weak Reference
    _clock_init                               - Undefined Weak Reference
    _fp_trap_init                             - Undefined Weak Reference
    _fp_trap_shutdown                         - Undefined Weak Reference
    _get_lc_collate                           - Undefined Weak Reference
    _get_lc_monetary                          - Undefined Weak Reference
    _get_lc_time                              - Undefined Weak Reference
    _getenv_init                              - Undefined Weak Reference
    _handle_redirection                       - Undefined Weak Reference
    _init_alloc                               - Undefined Weak Reference
    _init_user_alloc                          - Undefined Weak Reference
    _initio                                   - Undefined Weak Reference
    _mutex_acquire                            - Undefined Weak Reference
    _mutex_release                            - Undefined Weak Reference
    _printf_fp_hex                            - Undefined Weak Reference
    _printf_mbtowc                            - Undefined Weak Reference
    _printf_wc                                - Undefined Weak Reference
    _rand_init                                - Undefined Weak Reference
    _signal_finish                            - Undefined Weak Reference
    _signal_init                              - Undefined Weak Reference
    _terminate_alloc                          - Undefined Weak Reference
    _terminate_user_alloc                     - Undefined Weak Reference
    _terminateio                              - Undefined Weak Reference
    __Vectors_Size                           0x00000130   Number         0  startup_stm32f10x_hd.o ABSOLUTE
    __Vectors                                0x08000000   Data           4  startup_stm32f10x_hd.o(RESET)
    __Vectors_End                            0x08000130   Data           0  startup_stm32f10x_hd.o(RESET)
    __main                                   0x08000131   Thumb Code     8  __main.o(!!!main)
    __scatterload                            0x08000139   Thumb Code     0  __scatter.o(!!!scatter)
    __scatterload_rt2                        0x08000139   Thumb Code    44  __scatter.o(!!!scatter)
    __scatterload_rt2_thumb_only             0x08000139   Thumb Code     0  __scatter.o(!!!scatter)
    __scatterload_null                       0x08000147   Thumb Code     0  __scatter.o(!!!scatter)
    __decompress                             0x0800016d   Thumb Code    90  __dczerorl2.o(!!dczerorl2)
    __decompress1                            0x0800016d   Thumb Code     0  __dczerorl2.o(!!dczerorl2)
    __scatterload_zeroinit                   0x080001c9   Thumb Code    28  __scatter_zi.o(!!handler_zi)
    _printf_d                                0x080001e5   Thumb Code     0  _printf_d.o(.ARM.Collect$$_printf_percent$$00000009)
    _printf_percent                          0x080001e5   Thumb Code     0  _printf_percent.o(.ARM.Collect$$_printf_percent$$00000000)
    _printf_u                                0x080001eb   Thumb Code     0  _printf_u.o(.ARM.Collect$$_printf_percent$$0000000A)
    _printf_x                                0x080001f1   Thumb Code     0  _printf_x.o(.ARM.Collect$$_printf_percent$$0000000C)
    _printf_c                                0x080001f7   Thumb Code     0  _printf_c.o(.ARM.Collect$$_printf_percent$$00000013)
    _printf_s                                0x080001fd   Thumb Code     0  _printf_s.o(.ARM.Collect$$_printf_percent$$00000014)
    _printf_percent_end                      0x08000203   Thumb Code     0  _printf_percent_end.o(.ARM.Collect$$_printf_percent$$00000017)
    __rt_lib_init                            0x08000207   Thumb Code     0  libinit.o(.ARM.Collect$$libinit$$00000000)
    __rt_lib_init_alloca_1                   0x08000209   Thumb Code     0  libinit2.o(.ARM.Collect$$libinit$$0000002E)
    __rt_lib_init_argv_1                     0x08000209   Thumb Code     0  libinit2.o(.ARM.Collect$$libinit$$0000002C)
    __rt_lib_init_atexit_1                   0x08000209   Thumb Code     0  libinit2.o(.ARM.Collect$$libinit$$0000001B)
    __rt_lib_init_clock_1                    0x08000209   Thumb Code     0  libinit2.o(.ARM.Collect$$libinit$$00000021)
    __rt_lib_init_cpp_1                      0x08000209   Thumb Code     0  libinit2.o(.ARM.Collect$$libinit$$00000032)
    __rt_lib_init_exceptions_1               0x08000209   Thumb Code     0  libinit2.o(.ARM.Collect$$libinit$$00000030)
    __rt_lib_init_fp_1                       0x08000209   Thumb Code     0  libinit2.o(.ARM.Collect$$libinit$$00000002)
    __rt_lib_init_fp_trap_1                  0x08000209   Thumb Code     0  libinit2.o(.ARM.Collect$$libinit$$0000001F)
    __rt_lib_init_getenv_1                   0x08000209   Thumb Code     0  libinit2.o(.ARM.Collect$$libinit$$00000023)
    __rt_lib_init_heap_1                     0x08000209   Thumb Code     0  libinit2.o(.ARM.Collect$$libinit$$0000000A)
    __rt_lib_init_lc_collate_1               0x08000209   Thumb Code     0  libinit2.o(.ARM.Collect$$libinit$$00000011)
    __rt_lib_init_lc_ctype_1                 0x08000209   Thumb Code     0  libinit2.o(.ARM.Collect$$libinit$$00000013)
    __rt_lib_init_lc_monetary_1              0x08000209   Thumb Code     0  libinit2.o(.ARM.Collect$$libinit$$00000015)
    __rt_lib_init_lc_numeric_1               0x08000209   Thumb Code     0  libinit2.o(.ARM.Collect$$libinit$$00000017)
    __rt_lib_init_lc_time_1                  0x08000209   Thumb Code     0  libinit2.o(.ARM.Collect$$libinit$$00000019)
    __rt_lib_init_preinit_1                  0x08000209   Thumb Code     0  libinit2.o(.ARM.Collect$$libinit$$00000004)
    __rt_lib_init_rand_1                     0x08000209   Thumb Code     0  libinit2.o(.ARM.Collect$$libinit$$0000000E)
    __rt_lib_init_return                     0x08000209   Thumb Code     0  libinit2.o(.ARM.Collect$$libinit$$00000033)
    __rt_lib_init_signal_1                   0x08000209   Thumb Code     0  libinit2.o(.ARM.Collect$$libinit$$0000001D)
    __rt_lib_init_stdio_1                    0x08000209   Thumb Code     0  libinit2.o(.ARM.Collect$$libinit$$00000025)
    __rt_lib_init_user_alloc_1               0x08000209   Thumb Code     0  libinit2.o(.ARM.Collect$$libinit$$0000000C)
    __rt_lib_shutdown                        0x0800020b   Thumb Code     0  libshutdown.o(.ARM.Collect$$libshutdown$$00000000)
    __rt_lib_shutdown_fp_trap_1              0x0800020d   Thumb Code     0  libshutdown2.o(.ARM.Collect$$libshutdown$$00000006)
    __rt_lib_shutdown_heap_1                 0x0800020d   Thumb Code     0  libshutdown2.o(.ARM.Collect$$libshutdown$$0000000E)
    __rt_lib_shutdown_return                 0x0800020d   Thumb Code     0  libshutdown2.o(.ARM.Collect$$libshutdown$$0000000F)
    __rt_lib_shutdown_signal_1               0x0800020d   Thumb Code     0  libshutdown2.o(.ARM.Collect$$libshutdown$$00000009)
    __rt_lib_shutdown_stdio_1                0x0800020d   Thumb Code     0  libshutdown2.o(.ARM.Collect$$libshutdown$$00000003)
    __rt_lib_shutdown_user_alloc_1           0x0800020d   Thumb Code     0  libshutdown2.o(.ARM.Collect$$libshutdown$$0000000B)
    __rt_entry                               0x0800020f   Thumb Code     0  __rtentry.o(.ARM.Collect$$rtentry$$00000000)
    __rt_entry_presh_1                       0x0800020f   Thumb Code     0  __rtentry2.o(.ARM.Collect$$rtentry$$00000002)
    __rt_entry_sh                            0x0800020f   Thumb Code     0  __rtentry4.o(.ARM.Collect$$rtentry$$00000004)
    __rt_entry_li                            0x08000215   Thumb Code     0  __rtentry2.o(.ARM.Collect$$rtentry$$0000000A)
    __rt_entry_postsh_1                      0x08000215   Thumb Code     0  __rtentry2.o(.ARM.Collect$$rtentry$$00000009)
    __rt_entry_main                          0x08000219   Thumb Code     0  __rtentry2.o(.ARM.Collect$$rtentry$$0000000D)
    __rt_entry_postli_1                      0x08000219   Thumb Code     0  __rtentry2.o(.ARM.Collect$$rtentry$$0000000C)
    __rt_exit                                0x08000221   Thumb Code     0  rtexit.o(.ARM.Collect$$rtexit$$00000000)
    __rt_exit_ls                             0x08000223   Thumb Code     0  rtexit2.o(.ARM.Collect$$rtexit$$00000003)
    __rt_exit_prels_1                        0x08000223   Thumb Code     0  rtexit2.o(.ARM.Collect$$rtexit$$00000002)
    __rt_exit_exit                           0x08000227   Thumb Code     0  rtexit2.o(.ARM.Collect$$rtexit$$00000004)
    Reset_Handler                            0x0800022d   Thumb Code     4  startup_stm32f10x_hd.o(.text)
    NMI_Handler                              0x08000231   Thumb Code     2  startup_stm32f10x_hd.o(.text)
    HardFault_Handler                        0x08000233   Thumb Code     2  startup_stm32f10x_hd.o(.text)
    MemManage_Handler                        0x08000235   Thumb Code     2  startup_stm32f10x_hd.o(.text)
    BusFault_Handler                         0x08000237   Thumb Code     2  startup_stm32f10x_hd.o(.text)
    UsageFault_Handler                       0x08000239   Thumb Code     2  startup_stm32f10x_hd.o(.text)
    SVC_Handler                              0x0800023b   Thumb Code     2  startup_stm32f10x_hd.o(.text)
    DebugMon_Handler                         0x0800023d   Thumb Code     2  startup_stm32f10x_hd.o(.text)
    PendSV_Handler                           0x0800023f   Thumb Code     2  startup_stm32f10x_hd.o(.text)
    SysTick_Handler                          0x08000241   Thumb Code     2  startup_stm32f10x_hd.o(.text)
    ADC1_2_IRQHandler                        0x08000243   Thumb Code     0  startup_stm32f10x_hd.o(.text)
    ADC3_IRQHandler                          0x08000243   Thumb Code     0  startup_stm32f10x_hd.o(.text)
    CAN1_RX1_IRQHandler                      0x08000243   Thumb Code     0  startup_stm32f10x_hd.o(.text)
    CAN1_SCE_IRQHandler                      0x08000243   Thumb Code     0  startup_stm32f10x_hd.o(.text)
    DMA1_Channel1_IRQHandler                 0x08000243   Thumb Code     0  startup_stm32f10x_hd.o(.text)
    DMA1_Channel2_IRQHandler                 0x08000243   Thumb Code     0  startup_stm32f10x_hd.o(.text)
    DMA1_Channel3_IRQHandler                 0x08000243   Thumb Code     0  startup_stm32f10x_hd.o(.text)
    DMA1_Channel4_IRQHandler                 0x08000243   Thumb Code     0  startup_stm32f10x_hd.o(.text)
    DMA1_Channel5_IRQHandler                 0x08000243   Thumb Code     0  startup_stm32f10x_hd.o(.text)
    DMA1_Channel6_IRQHandler                 0x08000243   Thumb Code     0  startup_stm32f10x_hd.o(.text)
    DMA1_Channel7_IRQHandler                 0x08000243   Thumb Code     0  startup_stm32f10x_hd.o(.text)
    DMA2_Channel1_IRQHandler                 0x08000243   Thumb Code     0  startup_stm32f10x_hd.o(.text)
    DMA2_Channel2_IRQHandler                 0x08000243   Thumb Code     0  startup_stm32f10x_hd.o(.text)
    DMA2_Channel3_IRQHandler                 0x08000243   Thumb Code     0  startup_stm32f10x_hd.o(.text)
    DMA2_Channel4_5_IRQHandler               0x08000243   Thumb Code     0  startup_stm32f10x_hd.o(.text)
    EXTI0_IRQHandler                         0x08000243   Thumb Code     0  startup_stm32f10x_hd.o(.text)
    EXTI15_10_IRQHandler                     0x08000243   Thumb Code     0  startup_stm32f10x_hd.o(.text)
    EXTI1_IRQHandler                         0x08000243   Thumb Code     0  startup_stm32f10x_hd.o(.text)
    EXTI2_IRQHandler                         0x08000243   Thumb Code     0  startup_stm32f10x_hd.o(.text)
    EXTI3_IRQHandler                         0x08000243   Thumb Code     0  startup_stm32f10x_hd.o(.text)
    EXTI4_IRQHandler                         0x08000243   Thumb Code     0  startup_stm32f10x_hd.o(.text)
    EXTI9_5_IRQHandler                       0x08000243   Thumb Code     0  startup_stm32f10x_hd.o(.text)
    FLASH_IRQHandler                         0x08000243   Thumb Code     0  startup_stm32f10x_hd.o(.text)
    FSMC_IRQHandler                          0x08000243   Thumb Code     0  startup_stm32f10x_hd.o(.text)
    I2C1_ER_IRQHandler                       0x08000243   Thumb Code     0  startup_stm32f10x_hd.o(.text)
    I2C1_EV_IRQHandler                       0x08000243   Thumb Code     0  startup_stm32f10x_hd.o(.text)
    I2C2_ER_IRQHandler                       0x08000243   Thumb Code     0  startup_stm32f10x_hd.o(.text)
    I2C2_EV_IRQHandler                       0x08000243   Thumb Code     0  startup_stm32f10x_hd.o(.text)
    PVD_IRQHandler                           0x08000243   Thumb Code     0  startup_stm32f10x_hd.o(.text)
    RCC_IRQHandler                           0x08000243   Thumb Code     0  startup_stm32f10x_hd.o(.text)
    RTCAlarm_IRQHandler                      0x08000243   Thumb Code     0  startup_stm32f10x_hd.o(.text)
    RTC_IRQHandler                           0x08000243   Thumb Code     0  startup_stm32f10x_hd.o(.text)
    SDIO_IRQHandler                          0x08000243   Thumb Code     0  startup_stm32f10x_hd.o(.text)
    SPI1_IRQHandler                          0x08000243   Thumb Code     0  startup_stm32f10x_hd.o(.text)
    SPI2_IRQHandler                          0x08000243   Thumb Code     0  startup_stm32f10x_hd.o(.text)
    SPI3_IRQHandler                          0x08000243   Thumb Code     0  startup_stm32f10x_hd.o(.text)
    TAMPER_IRQHandler                        0x08000243   Thumb Code     0  startup_stm32f10x_hd.o(.text)
    TIM1_BRK_IRQHandler                      0x08000243   Thumb Code     0  startup_stm32f10x_hd.o(.text)
    TIM1_CC_IRQHandler                       0x08000243   Thumb Code     0  startup_stm32f10x_hd.o(.text)
    TIM1_TRG_COM_IRQHandler                  0x08000243   Thumb Code     0  startup_stm32f10x_hd.o(.text)
    TIM1_UP_IRQHandler                       0x08000243   Thumb Code     0  startup_stm32f10x_hd.o(.text)
    TIM3_IRQHandler                          0x08000243   Thumb Code     0  startup_stm32f10x_hd.o(.text)
    TIM5_IRQHandler                          0x08000243   Thumb Code     0  startup_stm32f10x_hd.o(.text)
    TIM6_IRQHandler                          0x08000243   Thumb Code     0  startup_stm32f10x_hd.o(.text)
    TIM7_IRQHandler                          0x08000243   Thumb Code     0  startup_stm32f10x_hd.o(.text)
    TIM8_BRK_IRQHandler                      0x08000243   Thumb Code     0  startup_stm32f10x_hd.o(.text)
    TIM8_CC_IRQHandler                       0x08000243   Thumb Code     0  startup_stm32f10x_hd.o(.text)
    TIM8_TRG_COM_IRQHandler                  0x08000243   Thumb Code     0  startup_stm32f10x_hd.o(.text)
    TIM8_UP_IRQHandler                       0x08000243   Thumb Code     0  startup_stm32f10x_hd.o(.text)
    UART4_IRQHandler                         0x08000243   Thumb Code     0  startup_stm32f10x_hd.o(.text)
    UART5_IRQHandler                         0x08000243   Thumb Code     0  startup_stm32f10x_hd.o(.text)
    USART3_IRQHandler                        0x08000243   Thumb Code     0  startup_stm32f10x_hd.o(.text)
    USBWakeUp_IRQHandler                     0x08000243   Thumb Code     0  startup_stm32f10x_hd.o(.text)
    USB_HP_CAN1_TX_IRQHandler                0x08000243   Thumb Code     0  startup_stm32f10x_hd.o(.text)
    USB_LP_CAN1_RX0_IRQHandler               0x08000243   Thumb Code     0  startup_stm32f10x_hd.o(.text)
    WWDG_IRQHandler                          0x08000243   Thumb Code     0  startup_stm32f10x_hd.o(.text)
    __user_initial_stackheap                 0x08000245   Thumb Code     0  startup_stm32f10x_hd.o(.text)
    __use_no_semihosting                     0x08000265   Thumb Code     2  use_no_semi_2.o(.text)
    __2printf                                0x08000269   Thumb Code    20  __2printf.o(.text)
    _printf_pre_padding                      0x08000281   Thumb Code    44  _printf_pad.o(.text)
    _printf_post_padding                     0x080002ad   Thumb Code    34  _printf_pad.o(.text)
    _printf_str                              0x080002cf   Thumb Code    82  _printf_str.o(.text)
    _printf_int_dec                          0x08000321   Thumb Code   104  _printf_dec.o(.text)
    _printf_longlong_hex                     0x08000399   Thumb Code    86  _printf_hex_int_ll_ptr.o(.text)
    _printf_int_hex                          0x080003ef   Thumb Code    28  _printf_hex_int_ll_ptr.o(.text)
    _printf_ll_hex                           0x0800040b   Thumb Code    12  _printf_hex_int_ll_ptr.o(.text)
    _printf_hex_ptr                          0x08000417   Thumb Code    18  _printf_hex_int_ll_ptr.o(.text)
    __printf                                 0x0800042d   Thumb Code   388  __printf_flags_ss_wp.o(.text)
    strstr                                   0x080005b5   Thumb Code    36  strstr.o(.text)
    __use_two_region_memory                  0x080005d9   Thumb Code     2  heapauxi.o(.text)
    __rt_heap_escrow$2region                 0x080005db   Thumb Code     2  heapauxi.o(.text)
    __rt_heap_expand$2region                 0x080005dd   Thumb Code     2  heapauxi.o(.text)
    __I$use$semihosting                      0x080005df   Thumb Code     0  use_no_semi.o(.text)
    __use_no_semihosting_swi                 0x080005df   Thumb Code     2  use_no_semi.o(.text)
    _printf_int_common                       0x080005e1   Thumb Code   178  _printf_intcommon.o(.text)
    _printf_char_common                      0x0800069f   Thumb Code    32  _printf_char_common.o(.text)
    _printf_cs_common                        0x080006c5   Thumb Code    20  _printf_char.o(.text)
    _printf_char                             0x080006d9   Thumb Code    16  _printf_char.o(.text)
    _printf_string                           0x080006e9   Thumb Code     8  _printf_char.o(.text)
    _printf_char_file                        0x080006f1   Thumb Code    32  _printf_char_file.o(.text)
    ferror                                   0x08000715   Thumb Code     8  ferror.o(.text)
    __user_libspace                          0x0800071d   Thumb Code     8  libspace.o(.text)
    __user_perproc_libspace                  0x0800071d   Thumb Code     0  libspace.o(.text)
    __user_perthread_libspace                0x0800071d   Thumb Code     0  libspace.o(.text)
    __user_setup_stackheap                   0x08000725   Thumb Code    74  sys_stackheap_outer.o(.text)
    exit                                     0x0800076f   Thumb Code    12  exit.o(.text)
    EnsureMessage                            0x0800077d   Thumb Code   140  as608.o(i.EnsureMessage)
    MY_NVIC_Init                             0x08000a91   Thumb Code   116  sys.o(i.MY_NVIC_Init)
    MY_NVIC_PriorityGroupConfig              0x08000b09   Thumb Code    32  sys.o(i.MY_NVIC_PriorityGroupConfig)
    PS_ReadSysPara                           0x08000b31   Thumb Code   168  as608.o(i.PS_ReadSysPara)
    PS_SetAddr                               0x08000c21   Thumb Code   146  as608.o(i.PS_SetAddr)
    PS_ValidTempleteNum                      0x08000cd5   Thumb Code   108  as608.o(i.PS_ValidTempleteNum)
    PS_WriteReg                              0x08000d5d   Thumb Code   108  as608.o(i.PS_WriteReg)
    TIM2_IRQHandler                          0x08000e69   Thumb Code    52  usmart.o(i.TIM2_IRQHandler)
    TIM4_IRQHandler                          0x08000ea1   Thumb Code    52  timer.o(i.TIM4_IRQHandler)
    Timer2_Init                              0x08000edd   Thumb Code    58  usmart.o(i.Timer2_Init)
    USART1_IRQHandler                        0x08000f1d   Thumb Code   118  usart.o(i.USART1_IRQHandler)
    USART2_IRQHandler                        0x08000fa1   Thumb Code    96  usart2.o(i.USART2_IRQHandler)
    _is_digit                                0x08001011   Thumb Code    14  __printf_wp.o(i._is_digit)
    _sys_exit                                0x0800101f   Thumb Code     6  usart.o(i._sys_exit)
    delay_ms                                 0x08001025   Thumb Code    56  delay.o(i.delay_ms)
    fputc                                    0x08001061   Thumb Code    24  usart.o(i.fputc)
    main                                     0x0800107d   Thumb Code     4  main.o(i.main)
    usmart_cmd_rec                           0x08001081   Thumb Code   170  usmart.o(i.usmart_cmd_rec)
    usmart_exe                               0x08001131   Thumb Code   634  usmart.o(i.usmart_exe)
    usmart_get_aparm                         0x08001409   Thumb Code   200  usmart_str.o(i.usmart_get_aparm)
    usmart_get_cmdname                       0x080014d1   Thumb Code    54  usmart_str.o(i.usmart_get_cmdname)
    usmart_get_fname                         0x08001509   Thumb Code   440  usmart_str.o(i.usmart_get_fname)
    usmart_get_fparam                        0x080016c9   Thumb Code   262  usmart_str.o(i.usmart_get_fparam)
    usmart_get_parmpos                       0x080017d5   Thumb Code    26  usmart_str.o(i.usmart_get_parmpos)
    usmart_get_runtime                       0x080017f5   Thumb Code    58  usmart.o(i.usmart_get_runtime)
    usmart_init                              0x08001835   Thumb Code    36  usmart.o(i.usmart_init)
    usmart_pow                               0x0800185d   Thumb Code    22  usmart_str.o(i.usmart_pow)
    usmart_reset_runtime                     0x08001875   Thumb Code    34  usmart.o(i.usmart_reset_runtime)
    usmart_scan                              0x0800189d   Thumb Code   120  usmart.o(i.usmart_scan)
    usmart_search_nextc                      0x08001959   Thumb Code    22  usmart_str.o(i.usmart_search_nextc)
    usmart_str2num                           0x0800196f   Thumb Code   202  usmart_str.o(i.usmart_str2num)
    usmart_strcmp                            0x08001a39   Thumb Code    34  usmart_str.o(i.usmart_strcmp)
    usmart_strcopy                           0x08001a5b   Thumb Code    22  usmart_str.o(i.usmart_strcopy)
    usmart_strlen                            0x08001a71   Thumb Code    24  usmart_str.o(i.usmart_strlen)
    usmart_sys_cmd_exe                       0x08001a89   Thumb Code  1554  usmart.o(i.usmart_sys_cmd_exe)
    Region$$Table$$Base                      0x080022bc   Number         0  anon$$obj.o(Region$$Table)
    Region$$Table$$Limit                     0x080022dc   Number         0  anon$$obj.o(Region$$Table)
    __stdout                                 0x20000004   Data           4  usart.o(.data)
    USART_RX_STA                             0x20000008   Data           2  usart.o(.data)
    USART2_RX_STA                            0x2000000a   Data           2  usart2.o(.data)
    AS608Addr                                0x2000000c   Data           4  as608.o(.data)
    sys_cmd_tab                              0x20000010   Data          28  usmart.o(.data)
    usmart_nametab                           0x2000002c   Data          32  usmart_config.o(.data)
    usmart_dev                               0x2000004c   Data         244  usmart_config.o(.data)
    USART_RX_BUF                             0x20000140   Data         200  usart.o(.bss)
    USART2_RX_BUF                            0x20000208   Data         800  usart2.o(.bss)
    USART2_TX_BUF                            0x20000528   Data         800  usart2.o(.bss)
    __libspace_start                         0x20000848   Data          96  libspace.o(.bss)
    __temporary_stack_top$libspace           0x200008a8   Data           0  libspace.o(.bss)



==============================================================================

Memory Map of the image

  Image Entry point : 0x08000131

  Load Region LR_IROM1 (Base: 0x08000000, Size: 0x0000241c, Max: 0x00040000, ABSOLUTE, COMPRESSED[0x00002328])

    Execution Region ER_IROM1 (Base: 0x08000000, Size: 0x000022dc, Max: 0x00040000, ABSOLUTE)

    Base Addr    Size         Type   Attr      Idx    E Section Name        Object

    0x08000000   0x00000130   Data   RO            3    RESET               startup_stm32f10x_hd.o
    0x08000130   0x00000008   Code   RO         2406  * !!!main             c_w.l(__main.o)
    0x08000138   0x00000034   Code   RO         2747    !!!scatter          c_w.l(__scatter.o)
    0x0800016c   0x0000005a   Code   RO         2745    !!dczerorl2         c_w.l(__dczerorl2.o)
    0x080001c6   0x00000002   PAD
    0x080001c8   0x0000001c   Code   RO         2749    !!handler_zi        c_w.l(__scatter_zi.o)
    0x080001e4   0x00000000   Code   RO         2395    .ARM.Collect$$_printf_percent$$00000000  c_w.l(_printf_percent.o)
    0x080001e4   0x00000006   Code   RO         2393    .ARM.Collect$$_printf_percent$$00000009  c_w.l(_printf_d.o)
    0x080001ea   0x00000006   Code   RO         2394    .ARM.Collect$$_printf_percent$$0000000A  c_w.l(_printf_u.o)
    0x080001f0   0x00000006   Code   RO         2392    .ARM.Collect$$_printf_percent$$0000000C  c_w.l(_printf_x.o)
    0x080001f6   0x00000006   Code   RO         2390    .ARM.Collect$$_printf_percent$$00000013  c_w.l(_printf_c.o)
    0x080001fc   0x00000006   Code   RO         2391    .ARM.Collect$$_printf_percent$$00000014  c_w.l(_printf_s.o)
    0x08000202   0x00000004   Code   RO         2506    .ARM.Collect$$_printf_percent$$00000017  c_w.l(_printf_percent_end.o)
    0x08000206   0x00000002   Code   RO         2616    .ARM.Collect$$libinit$$00000000  c_w.l(libinit.o)
    0x08000208   0x00000000   Code   RO         2627    .ARM.Collect$$libinit$$00000002  c_w.l(libinit2.o)
    0x08000208   0x00000000   Code   RO         2629    .ARM.Collect$$libinit$$00000004  c_w.l(libinit2.o)
    0x08000208   0x00000000   Code   RO         2632    .ARM.Collect$$libinit$$0000000A  c_w.l(libinit2.o)
    0x08000208   0x00000000   Code   RO         2634    .ARM.Collect$$libinit$$0000000C  c_w.l(libinit2.o)
    0x08000208   0x00000000   Code   RO         2636    .ARM.Collect$$libinit$$0000000E  c_w.l(libinit2.o)
    0x08000208   0x00000000   Code   RO         2639    .ARM.Collect$$libinit$$00000011  c_w.l(libinit2.o)
    0x08000208   0x00000000   Code   RO         2641    .ARM.Collect$$libinit$$00000013  c_w.l(libinit2.o)
    0x08000208   0x00000000   Code   RO         2643    .ARM.Collect$$libinit$$00000015  c_w.l(libinit2.o)
    0x08000208   0x00000000   Code   RO         2645    .ARM.Collect$$libinit$$00000017  c_w.l(libinit2.o)
    0x08000208   0x00000000   Code   RO         2647    .ARM.Collect$$libinit$$00000019  c_w.l(libinit2.o)
    0x08000208   0x00000000   Code   RO         2649    .ARM.Collect$$libinit$$0000001B  c_w.l(libinit2.o)
    0x08000208   0x00000000   Code   RO         2651    .ARM.Collect$$libinit$$0000001D  c_w.l(libinit2.o)
    0x08000208   0x00000000   Code   RO         2653    .ARM.Collect$$libinit$$0000001F  c_w.l(libinit2.o)
    0x08000208   0x00000000   Code   RO         2655    .ARM.Collect$$libinit$$00000021  c_w.l(libinit2.o)
    0x08000208   0x00000000   Code   RO         2657    .ARM.Collect$$libinit$$00000023  c_w.l(libinit2.o)
    0x08000208   0x00000000   Code   RO         2659    .ARM.Collect$$libinit$$00000025  c_w.l(libinit2.o)
    0x08000208   0x00000000   Code   RO         2663    .ARM.Collect$$libinit$$0000002C  c_w.l(libinit2.o)
    0x08000208   0x00000000   Code   RO         2665    .ARM.Collect$$libinit$$0000002E  c_w.l(libinit2.o)
    0x08000208   0x00000000   Code   RO         2667    .ARM.Collect$$libinit$$00000030  c_w.l(libinit2.o)
    0x08000208   0x00000000   Code   RO         2669    .ARM.Collect$$libinit$$00000032  c_w.l(libinit2.o)
    0x08000208   0x00000002   Code   RO         2670    .ARM.Collect$$libinit$$00000033  c_w.l(libinit2.o)
    0x0800020a   0x00000002   Code   RO         2688    .ARM.Collect$$libshutdown$$00000000  c_w.l(libshutdown.o)
    0x0800020c   0x00000000   Code   RO         2699    .ARM.Collect$$libshutdown$$00000003  c_w.l(libshutdown2.o)
    0x0800020c   0x00000000   Code   RO         2702    .ARM.Collect$$libshutdown$$00000006  c_w.l(libshutdown2.o)
    0x0800020c   0x00000000   Code   RO         2705    .ARM.Collect$$libshutdown$$00000009  c_w.l(libshutdown2.o)
    0x0800020c   0x00000000   Code   RO         2707    .ARM.Collect$$libshutdown$$0000000B  c_w.l(libshutdown2.o)
    0x0800020c   0x00000000   Code   RO         2710    .ARM.Collect$$libshutdown$$0000000E  c_w.l(libshutdown2.o)
    0x0800020c   0x00000002   Code   RO         2711    .ARM.Collect$$libshutdown$$0000000F  c_w.l(libshutdown2.o)
    0x0800020e   0x00000000   Code   RO         2470    .ARM.Collect$$rtentry$$00000000  c_w.l(__rtentry.o)
    0x0800020e   0x00000000   Code   RO         2534    .ARM.Collect$$rtentry$$00000002  c_w.l(__rtentry2.o)
    0x0800020e   0x00000006   Code   RO         2546    .ARM.Collect$$rtentry$$00000004  c_w.l(__rtentry4.o)
    0x08000214   0x00000000   Code   RO         2536    .ARM.Collect$$rtentry$$00000009  c_w.l(__rtentry2.o)
    0x08000214   0x00000004   Code   RO         2537    .ARM.Collect$$rtentry$$0000000A  c_w.l(__rtentry2.o)
    0x08000218   0x00000000   Code   RO         2539    .ARM.Collect$$rtentry$$0000000C  c_w.l(__rtentry2.o)
    0x08000218   0x00000008   Code   RO         2540    .ARM.Collect$$rtentry$$0000000D  c_w.l(__rtentry2.o)
    0x08000220   0x00000002   Code   RO         2621    .ARM.Collect$$rtexit$$00000000  c_w.l(rtexit.o)
    0x08000222   0x00000000   Code   RO         2672    .ARM.Collect$$rtexit$$00000002  c_w.l(rtexit2.o)
    0x08000222   0x00000004   Code   RO         2673    .ARM.Collect$$rtexit$$00000003  c_w.l(rtexit2.o)
    0x08000226   0x00000006   Code   RO         2674    .ARM.Collect$$rtexit$$00000004  c_w.l(rtexit2.o)
    0x0800022c   0x00000038   Code   RO            4    .text               startup_stm32f10x_hd.o
    0x08000264   0x00000002   Code   RO         2329    .text               c_w.l(use_no_semi_2.o)
    0x08000266   0x00000002   PAD
    0x08000268   0x00000018   Code   RO         2333    .text               c_w.l(__2printf.o)
    0x08000280   0x0000004e   Code   RO         2343    .text               c_w.l(_printf_pad.o)
    0x080002ce   0x00000052   Code   RO         2345    .text               c_w.l(_printf_str.o)
    0x08000320   0x00000078   Code   RO         2347    .text               c_w.l(_printf_dec.o)
    0x08000398   0x00000094   Code   RO         2367    .text               c_w.l(_printf_hex_int_ll_ptr.o)
    0x0800042c   0x00000188   Code   RO         2387    .text               c_w.l(__printf_flags_ss_wp.o)
    0x080005b4   0x00000024   Code   RO         2396    .text               c_w.l(strstr.o)
    0x080005d8   0x00000006   Code   RO         2404    .text               c_w.l(heapauxi.o)
    0x080005de   0x00000002   Code   RO         2468    .text               c_w.l(use_no_semi.o)
    0x080005e0   0x000000b2   Code   RO         2475    .text               c_w.l(_printf_intcommon.o)
    0x08000692   0x00000002   PAD
    0x08000694   0x00000030   Code   RO         2479    .text               c_w.l(_printf_char_common.o)
    0x080006c4   0x0000002c   Code   RO         2483    .text               c_w.l(_printf_char.o)
    0x080006f0   0x00000024   Code   RO         2485    .text               c_w.l(_printf_char_file.o)
    0x08000714   0x00000008   Code   RO         2561    .text               c_w.l(ferror.o)
    0x0800071c   0x00000008   Code   RO         2567    .text               c_w.l(libspace.o)
    0x08000724   0x0000004a   Code   RO         2570    .text               c_w.l(sys_stackheap_outer.o)
    0x0800076e   0x0000000c   Code   RO         2609    .text               c_w.l(exit.o)
    0x0800077a   0x00000002   PAD
    0x0800077c   0x00000270   Code   RO         1232    i.EnsureMessage     as608.o
    0x080009ec   0x00000088   Code   RO         1233    i.JudgeStr          as608.o
    0x08000a74   0x0000001c   Code   RO         1234    i.MYUSART_SendData  as608.o
    0x08000a90   0x00000078   Code   RO          205    i.MY_NVIC_Init      sys.o
    0x08000b08   0x00000028   Code   RO          206    i.MY_NVIC_PriorityGroupConfig  sys.o
    0x08000b30   0x000000f0   Code   RO         1243    i.PS_ReadSysPara    as608.o
    0x08000c20   0x000000b4   Code   RO         1246    i.PS_SetAddr        as608.o
    0x08000cd4   0x00000088   Code   RO         1249    i.PS_ValidTempleteNum  as608.o
    0x08000d5c   0x00000088   Code   RO         1251    i.PS_WriteReg       as608.o
    0x08000de4   0x00000034   Code   RO         1252    i.SendAddr          as608.o
    0x08000e18   0x00000012   Code   RO         1253    i.SendCheck         as608.o
    0x08000e2a   0x0000000c   Code   RO         1254    i.SendFlag          as608.o
    0x08000e36   0x00000010   Code   RO         1255    i.SendHead          as608.o
    0x08000e46   0x00000014   Code   RO         1256    i.SendLength        as608.o
    0x08000e5a   0x0000000c   Code   RO         1257    i.Sendcmd           as608.o
    0x08000e66   0x00000002   PAD
    0x08000e68   0x00000038   Code   RO         1424    i.TIM2_IRQHandler   usmart.o
    0x08000ea0   0x0000003c   Code   RO         1400    i.TIM4_IRQHandler   timer.o
    0x08000edc   0x00000040   Code   RO         1425    i.Timer2_Init       usmart.o
    0x08000f1c   0x00000084   Code   RO          281    i.USART1_IRQHandler  usart.o
    0x08000fa0   0x00000070   Code   RO         1117    i.USART2_IRQHandler  usart2.o
    0x08001010   0x0000000e   Code   RO         2380    i._is_digit         c_w.l(__printf_wp.o)
    0x0800101e   0x00000006   Code   RO          282    i._sys_exit         usart.o
    0x08001024   0x0000003c   Code   RO          174    i.delay_ms          delay.o
    0x08001060   0x0000001c   Code   RO          283    i.fputc             usart.o
    0x0800107c   0x00000004   Code   RO           17    i.main              main.o
    0x08001080   0x000000b0   Code   RO         1426    i.usmart_cmd_rec    usmart.o
    0x08001130   0x000002d8   Code   RO         1427    i.usmart_exe        usmart.o
    0x08001408   0x000000c8   Code   RO         1505    i.usmart_get_aparm  usmart_str.o
    0x080014d0   0x00000036   Code   RO         1506    i.usmart_get_cmdname  usmart_str.o
    0x08001506   0x00000002   PAD
    0x08001508   0x000001c0   Code   RO         1507    i.usmart_get_fname  usmart_str.o
    0x080016c8   0x0000010c   Code   RO         1508    i.usmart_get_fparam  usmart_str.o
    0x080017d4   0x00000020   Code   RO         1509    i.usmart_get_parmpos  usmart_str.o
    0x080017f4   0x00000040   Code   RO         1428    i.usmart_get_runtime  usmart.o
    0x08001834   0x00000028   Code   RO         1429    i.usmart_init       usmart.o
    0x0800185c   0x00000016   Code   RO         1510    i.usmart_pow        usmart_str.o
    0x08001872   0x00000002   PAD
    0x08001874   0x00000028   Code   RO         1430    i.usmart_reset_runtime  usmart.o
    0x0800189c   0x000000bc   Code   RO         1431    i.usmart_scan       usmart.o
    0x08001958   0x00000016   Code   RO         1511    i.usmart_search_nextc  usmart_str.o
    0x0800196e   0x000000ca   Code   RO         1512    i.usmart_str2num    usmart_str.o
    0x08001a38   0x00000022   Code   RO         1513    i.usmart_strcmp     usmart_str.o
    0x08001a5a   0x00000016   Code   RO         1514    i.usmart_strcopy    usmart_str.o
    0x08001a70   0x00000018   Code   RO         1515    i.usmart_strlen     usmart_str.o
    0x08001a88   0x000006e4   Code   RO         1432    i.usmart_sys_cmd_exe  usmart.o
    0x0800216c   0x00000028   Data   RO         2368    .constdata          c_w.l(_printf_hex_int_ll_ptr.o)
    0x08002194   0x00000011   Data   RO         2388    .constdata          c_w.l(__printf_flags_ss_wp.o)
    0x080021a5   0x00000003   PAD
    0x080021a8   0x00000028   Data   RO         1433    .conststring        usmart.o
    0x080021d0   0x000000eb   Data   RO         1488    .conststring        usmart_config.o
    0x080022bb   0x00000001   PAD
    0x080022bc   0x00000020   Data   RO         2743    Region$$Table       anon$$obj.o


    Execution Region RW_IRAM1 (Base: 0x20000000, Size: 0x00000ea8, Max: 0x0000c000, ABSOLUTE, COMPRESSED[0x0000004c])

    Base Addr    Size         Type   Attr      Idx    E Section Name        Object

    0x20000000   0x00000004   Data   RW          176    .data               delay.o
    0x20000004   0x00000006   Data   RW          286    .data               usart.o
    0x2000000a   0x00000002   Data   RW         1121    .data               usart2.o
    0x2000000c   0x00000004   Data   RW         1258    .data               as608.o
    0x20000010   0x0000001c   Data   RW         1434    .data               usmart.o
    0x2000002c   0x00000114   Data   RW         1489    .data               usmart_config.o
    0x20000140   0x000000c8   Zero   RW          285    .bss                usart.o
    0x20000208   0x00000640   Zero   RW         1120    .bss                usart2.o
    0x20000848   0x00000060   Zero   RW         2568    .bss                c_w.l(libspace.o)
    0x200008a8   0x00000200   Zero   RW            2    HEAP                startup_stm32f10x_hd.o
    0x20000aa8   0x00000400   Zero   RW            1    STACK               startup_stm32f10x_hd.o


==============================================================================

Image component sizes


      Code (inc. data)   RO Data    RW Data    ZI Data      Debug   Object Name

      1610        706          0          4          0       8238   as608.o
        60          4          0          4          0        707   delay.o
         4          0          0          0          0     207955   main.o
        56         22        304          0       1536        808   startup_stm32f10x_hd.o
       160         12          0          0          0       1197   sys.o
        60          8          0          0          0        446   timer.o
       166         18          0          6        200       3352   usart.o
       112         16          0          2       1600       1328   usart2.o
      3120       1322         40         28          0       6353   usmart.o
         0          0        235        276          0       1500   usmart_config.o
      1328         20          0          0          0       8201   usmart_str.o

    ----------------------------------------------------------------------
      6682       2128        612        320       3336     240085   Object Totals
         0          0         32          0          0          0   (incl. Generated)
         6          0          1          0          0          0   (incl. Padding)

    ----------------------------------------------------------------------

      Code (inc. data)   RO Data    RW Data    ZI Data      Debug   Library Member Name

        24          4          0          0          0         84   __2printf.o
        90          0          0          0          0          0   __dczerorl2.o
         8          0          0          0          0         68   __main.o
       392          4         17          0          0         92   __printf_flags_ss_wp.o
        14          0          0          0          0         68   __printf_wp.o
         0          0          0          0          0          0   __rtentry.o
        12          0          0          0          0          0   __rtentry2.o
         6          0          0          0          0          0   __rtentry4.o
        52          8          0          0          0          0   __scatter.o
        28          0          0          0          0          0   __scatter_zi.o
         6          0          0          0          0          0   _printf_c.o
        44          0          0          0          0        108   _printf_char.o
        48          6          0          0          0         96   _printf_char_common.o
        36          4          0          0          0         80   _printf_char_file.o
         6          0          0          0          0          0   _printf_d.o
       120         16          0          0          0         92   _printf_dec.o
       148          4         40          0          0        160   _printf_hex_int_ll_ptr.o
       178          0          0          0          0         88   _printf_intcommon.o
        78          0          0          0          0        108   _printf_pad.o
         0          0          0          0          0          0   _printf_percent.o
         4          0          0          0          0          0   _printf_percent_end.o
         6          0          0          0          0          0   _printf_s.o
        82          0          0          0          0         80   _printf_str.o
         6          0          0          0          0          0   _printf_u.o
         6          0          0          0          0          0   _printf_x.o
        12          0          0          0          0         72   exit.o
         8          0          0          0          0         68   ferror.o
         6          0          0          0          0        152   heapauxi.o
         2          0          0          0          0          0   libinit.o
         2          0          0          0          0          0   libinit2.o
         2          0          0          0          0          0   libshutdown.o
         2          0          0          0          0          0   libshutdown2.o
         8          4          0          0         96         68   libspace.o
         2          0          0          0          0          0   rtexit.o
        10          0          0          0          0          0   rtexit2.o
        36          0          0          0          0         80   strstr.o
        74          0          0          0          0         80   sys_stackheap_outer.o
         2          0          0          0          0         68   use_no_semi.o
         2          0          0          0          0         68   use_no_semi_2.o

    ----------------------------------------------------------------------
      1570         50         60          0         96       1780   Library Totals
         8          0          3          0          0          0   (incl. Padding)

    ----------------------------------------------------------------------

      Code (inc. data)   RO Data    RW Data    ZI Data      Debug   Library Name

      1562         50         57          0         96       1780   c_w.l

    ----------------------------------------------------------------------
      1570         50         60          0         96       1780   Library Totals

    ----------------------------------------------------------------------

==============================================================================


      Code (inc. data)   RO Data    RW Data    ZI Data      Debug   

      8252       2178        672        320       3432     239053   Grand Totals
      8252       2178        672         76       3432     239053   ELF Image Totals (compressed)
      8252       2178        672         76          0          0   ROM Totals

==============================================================================

    Total RO  Size (Code + RO Data)                 8924 (   8.71kB)
    Total RW  Size (RW Data + ZI Data)              3752 (   3.66kB)
    Total ROM Size (Code + RO Data + RW Data)       9000 (   8.79kB)

==============================================================================

