<html>
<body>
<pre>
<h1>礦ision Build Log</h1>
<h2>Tool Versions:</h2>
IDE-Version: μVision V5.15
Copyright (C) 2015 ARM Ltd and ARM Germany GmbH. All rights reserved.
License Information:  ,  , LIC=KRMW3-AWGR0-MML9I-TJBFD-K3DTB-90MEF
 
Tool Versions:
Toolchain:       MDK-ARM Standard  Version: 5.15.0
Toolchain Path:  D:\software\Keil_v5\ARM\ARMCC\Bin
C Compiler:      Armcc.exe V5.05 update 2 (build 169)
Assembler:       Armasm.exe V5.05 update 2 (build 169)
Linker/Locator:  ArmLink.exe V5.05 update 2 (build 169)
Library Manager: ArmAr.exe V5.05 update 2 (build 169)
Hex Converter:   FromElf.exe V5.05 update 2 (build 169)
CPU DLL:         SARMCM3.DLL V5.15.0
Dialog DLL:      DCM.DLL V1.13.2.0
Target DLL:      CMSIS_AGDI.dll V1.21.12.0
Dialog DLL:      TCM.DLL V1.14.5.0
 
<h2>Project:</h2>
D:\Desktop\1-书籍配套例程\21-USART—串口通信\USART1接发\Project\RVMDK（uv5）\BH-F103.uvprojx
Project File Date:  03/28/2021

<h2>Output:</h2>
*** Using Compiler 'V5.05 update 2 (build 169)', folder: 'D:\software\Keil_v5\ARM\ARMCC\Bin'
Build target 'USART'
compiling main.c...
linking...
Program Size: Code=4176 RO-data=336 RW-data=40 ZI-data=1024  
FromELF: creating hex file...
"..\..\Output\USART.axf" - 0 Error(s), 0 Warning(s).

<h2>Collection of Component include folders:</h2>
  D:\Desktop\1-书籍配套例程\21-USART—串口通信\USART1接发\Project\RVMDK（uv5）\RTE
  D:\software\Keil_v5\ARM\PACK\Keil\STM32F1xx_DFP\2.0.0\Device\Include

<h2>Collection of Component Files used:</h2>
</pre>
</body>
</html>
